2013-04-09T17:20:08.947214+00:00 ubuntu kern.info kernel: imklog 5.8.6, log source = /proc/kmsg started.
2013-04-09T17:20:08.947384+00:00 ubuntu syslog.info rsyslogd: [origin software="rsyslogd" swVersion="5.8.6" x-pid="1356" x-info="http://www.rsyslog.com"] start
2013-04-09T17:20:08.947932+00:00 ubuntu syslog.info rsyslogd: rsyslogd's groupid changed to 103
2013-04-09T17:20:08.947989+00:00 ubuntu syslog.info rsyslogd: rsyslogd's userid changed to 101
2013-04-09T17:20:08.946955+00:00 ubuntu syslog.err rsyslogd-2039: Could not open output pipe '/dev/xconsole' [try http://www.rsyslog.com/e/2039 ]
2013-04-09T17:21:08.082179+00:00 ubuntu kern.info kernel: Kernel logging (proc) stopped.
2013-04-09T17:21:08.082194+00:00 ubuntu syslog.info rsyslogd: [origin software="rsyslogd" swVersion="5.8.6" x-pid="1356" x-info="http://www.rsyslog.com"] exiting on signal 15.
2013-04-09T17:24:04.655435+00:00 ubuntu kern.info kernel: imklog 5.8.6, log source = /proc/kmsg started.
2013-04-09T17:24:04.655483+00:00 ubuntu syslog.info rsyslogd: [origin software="rsyslogd" swVersion="5.8.6" x-pid="363" x-info="http://www.rsyslog.com"] start
2013-04-09T17:24:04.671819+00:00 ubuntu syslog.info rsyslogd: rsyslogd's groupid changed to 103
2013-04-09T17:24:04.671897+00:00 ubuntu syslog.info rsyslogd: rsyslogd's userid changed to 101
2013-04-09T17:24:04.655321+00:00 ubuntu syslog.err rsyslogd-2039: Could not open output pipe '/dev/xconsole' [try http://www.rsyslog.com/e/2039 ]
2013-04-09T17:24:04.675991+00:00 ubuntu kern.info kernel: [    0.000000] Initializing cgroup subsys cpuset
2013-04-09T17:24:04.676000+00:00 ubuntu kern.info kernel: [    0.000000] Initializing cgroup subsys cpu
2013-04-09T17:24:04.676003+00:00 ubuntu kern.notice kernel: [    0.000000] Linux version 3.5.0-17-generic (buildd@allspice) (gcc version 4.7.2 (Ubuntu/Linaro 4.7.2-2ubuntu1) ) #28-Ubuntu SMP Tue Oct 9 19:31:23 UTC 2012 (Ubuntu 3.5.0-17.28-generic 3.5.5)
2013-04-09T17:24:04.676006+00:00 ubuntu kern.info kernel: [    0.000000] Command line: BOOT_IMAGE=/boot/vmlinuz-3.5.0-17-generic root=UUID=ea863020-679a-4573-908d-b7412183b5ce ro
2013-04-09T17:24:04.676007+00:00 ubuntu kern.info kernel: [    0.000000] KERNEL supported cpus:
2013-04-09T17:24:04.676008+00:00 ubuntu kern.info kernel: [    0.000000]   Intel GenuineIntel
2013-04-09T17:24:04.676009+00:00 ubuntu kern.info kernel: [    0.000000]   AMD AuthenticAMD
2013-04-09T17:24:04.676009+00:00 ubuntu kern.info kernel: [    0.000000]   Centaur CentaurHauls
2013-04-09T17:24:04.676010+00:00 ubuntu kern.info kernel: [    0.000000] e820: BIOS-provided physical RAM map:
2013-04-09T17:24:04.676011+00:00 ubuntu kern.info kernel: [    0.000000] BIOS-e820: [mem 0x0000000000000000-0x000000000009fbff] usable
2013-04-09T17:24:04.676013+00:00 ubuntu kern.info kernel: [    0.000000] BIOS-e820: [mem 0x000000000009fc00-0x000000000009ffff] reserved
2013-04-09T17:24:04.676014+00:00 ubuntu kern.info kernel: [    0.000000] BIOS-e820: [mem 0x00000000000f0000-0x00000000000fffff] reserved
2013-04-09T17:24:04.676015+00:00 ubuntu kern.info kernel: [    0.000000] BIOS-e820: [mem 0x0000000000100000-0x000000001ffeffff] usable
2013-04-09T17:24:04.676016+00:00 ubuntu kern.info kernel: [    0.000000] BIOS-e820: [mem 0x000000001fff0000-0x000000001fffffff] ACPI data
2013-04-09T17:24:04.676017+00:00 ubuntu kern.info kernel: [    0.000000] BIOS-e820: [mem 0x00000000fffc0000-0x00000000ffffffff] reserved
2013-04-09T17:24:04.676018+00:00 ubuntu kern.info kernel: [    0.000000] NX (Execute Disable) protection: active
2013-04-09T17:24:04.676019+00:00 ubuntu kern.info kernel: [    0.000000] DMI 2.5 present.
2013-04-09T17:24:04.676021+00:00 ubuntu kern.debug kernel: [    0.000000] DMI: innotek GmbH VirtualBox/VirtualBox, BIOS VirtualBox 12/01/2006
2013-04-09T17:24:04.676022+00:00 ubuntu kern.debug kernel: [    0.000000] e820: update [mem 0x00000000-0x0000ffff] usable ==> reserved
2013-04-09T17:24:04.676023+00:00 ubuntu kern.debug kernel: [    0.000000] e820: remove [mem 0x000a0000-0x000fffff] usable
2013-04-09T17:24:04.676024+00:00 ubuntu kern.info kernel: [    0.000000] No AGP bridge found
2013-04-09T17:24:04.676025+00:00 ubuntu kern.info kernel: [    0.000000] e820: last_pfn = 0x1fff0 max_arch_pfn = 0x400000000
2013-04-09T17:24:04.676026+00:00 ubuntu kern.debug kernel: [    0.000000] MTRR default type: uncachable
2013-04-09T17:24:04.676027+00:00 ubuntu kern.debug kernel: [    0.000000] MTRR variable ranges disabled:
2013-04-09T17:24:04.676028+00:00 ubuntu kern.info kernel: [    0.000000] x86 PAT enabled: cpu 0, old 0x7040600070406, new 0x7010600070106
2013-04-09T17:24:04.676030+00:00 ubuntu kern.info kernel: [    0.000000] CPU MTRRs all blank - virtualized system.
2013-04-09T17:24:04.676031+00:00 ubuntu kern.info kernel: [    0.000000] found SMP MP-table at [mem 0x0009fff0-0x0009ffff] mapped at [ffff88000009fff0]
2013-04-09T17:24:04.676032+00:00 ubuntu kern.debug kernel: [    0.000000] initial memory mapped: [mem 0x00000000-0x1fffffff]
2013-04-09T17:24:04.676033+00:00 ubuntu kern.debug kernel: [    0.000000] Base memory trampoline at [ffff880000099000] 99000 size 24576
2013-04-09T17:24:04.676034+00:00 ubuntu kern.info kernel: [    0.000000] init_memory_mapping: [mem 0x00000000-0x1ffeffff]
2013-04-09T17:24:04.676035+00:00 ubuntu kern.debug kernel: [    0.000000]  [mem 0x00000000-0x1fdfffff] page 2M
2013-04-09T17:24:04.676036+00:00 ubuntu kern.debug kernel: [    0.000000]  [mem 0x1fe00000-0x1ffeffff] page 4k
2013-04-09T17:24:04.676038+00:00 ubuntu kern.debug kernel: [    0.000000] kernel direct mapping tables up to 0x1ffeffff @ [mem 0x1ffed000-0x1ffeffff]
2013-04-09T17:24:04.676039+00:00 ubuntu kern.info kernel: [    0.000000] RAMDISK: [mem 0x1e63e000-0x1f4c1fff]
2013-04-09T17:24:04.676039+00:00 ubuntu kern.warning kernel: [    0.000000] ACPI: RSDP 00000000000e0000 00024 (v02 VBOX  )
2013-04-09T17:24:04.676041+00:00 ubuntu kern.warning kernel: [    0.000000] ACPI: XSDT 000000001fff0030 0003C (v01 VBOX   VBOXXSDT 00000001 ASL  00000061)
2013-04-09T17:24:04.676042+00:00 ubuntu kern.warning kernel: [    0.000000] ACPI: FACP 000000001fff00f0 000F4 (v04 VBOX   VBOXFACP 00000001 ASL  00000061)
2013-04-09T17:24:04.676042+00:00 ubuntu kern.warning kernel: [    0.000000] ACPI: DSDT 000000001fff0470 01B96 (v01 VBOX   VBOXBIOS 00000002 INTL 20100528)
2013-04-09T17:24:04.676043+00:00 ubuntu kern.warning kernel: [    0.000000] ACPI: FACS 000000001fff0200 00040
2013-04-09T17:24:04.676044+00:00 ubuntu kern.warning kernel: [    0.000000] ACPI: APIC 000000001fff0240 00054 (v02 VBOX   VBOXAPIC 00000001 ASL  00000061)
2013-04-09T17:24:04.676046+00:00 ubuntu kern.warning kernel: [    0.000000] ACPI: SSDT 000000001fff02a0 001CC (v01 VBOX   VBOXCPUT 00000002 INTL 20100528)
2013-04-09T17:24:04.676047+00:00 ubuntu kern.debug kernel: [    0.000000] ACPI: Local APIC address 0xfee00000
2013-04-09T17:24:04.676048+00:00 ubuntu kern.info kernel: [    0.000000] No NUMA configuration found
2013-04-09T17:24:04.676049+00:00 ubuntu kern.info kernel: [    0.000000] Faking a node at [mem 0x0000000000000000-0x000000001ffeffff]
2013-04-09T17:24:04.676050+00:00 ubuntu kern.info kernel: [    0.000000] Initmem setup node 0 [mem 0x00000000-0x1ffeffff]
2013-04-09T17:24:04.676051+00:00 ubuntu kern.info kernel: [    0.000000]   NODE_DATA [mem 0x1ffe9000-0x1ffecfff]
2013-04-09T17:24:04.676052+00:00 ubuntu kern.debug kernel: [    0.000000]  [ffffea0000000000-ffffea00007fffff] PMD -> [ffff88001de00000-ffff88001e5fffff] on node 0
2013-04-09T17:24:04.676054+00:00 ubuntu kern.warning kernel: [    0.000000] Zone ranges:
2013-04-09T17:24:04.676055+00:00 ubuntu kern.warning kernel: [    0.000000]   DMA      [mem 0x00010000-0x00ffffff]
2013-04-09T17:24:04.676055+00:00 ubuntu kern.warning kernel: [    0.000000]   DMA32    [mem 0x01000000-0xffffffff]
2013-04-09T17:24:04.676056+00:00 ubuntu kern.warning kernel: [    0.000000]   Normal   empty
2013-04-09T17:24:04.676057+00:00 ubuntu kern.warning kernel: [    0.000000] Movable zone start for each node
2013-04-09T17:24:04.676058+00:00 ubuntu kern.warning kernel: [    0.000000] Early memory node ranges
2013-04-09T17:24:04.676058+00:00 ubuntu kern.warning kernel: [    0.000000]   node   0: [mem 0x00010000-0x0009efff]
2013-04-09T17:24:04.676059+00:00 ubuntu kern.warning kernel: [    0.000000]   node   0: [mem 0x00100000-0x1ffeffff]
2013-04-09T17:24:04.676061+00:00 ubuntu kern.debug kernel: [    0.000000] On node 0 totalpages: 130943
2013-04-09T17:24:04.676062+00:00 ubuntu kern.debug kernel: [    0.000000]   DMA zone: 64 pages used for memmap
2013-04-09T17:24:04.676063+00:00 ubuntu kern.debug kernel: [    0.000000]   DMA zone: 6 pages reserved
2013-04-09T17:24:04.676064+00:00 ubuntu kern.debug kernel: [    0.000000]   DMA zone: 3913 pages, LIFO batch:0
2013-04-09T17:24:04.676064+00:00 ubuntu kern.debug kernel: [    0.000000]   DMA32 zone: 1984 pages used for memmap
2013-04-09T17:24:04.676098+00:00 ubuntu kern.debug kernel: [    0.000000]   DMA32 zone: 124976 pages, LIFO batch:31
2013-04-09T17:24:04.676099+00:00 ubuntu kern.info kernel: [    0.000000] ACPI: PM-Timer IO Port: 0x4008
2013-04-09T17:24:04.676101+00:00 ubuntu kern.debug kernel: [    0.000000] ACPI: Local APIC address 0xfee00000
2013-04-09T17:24:04.676102+00:00 ubuntu kern.info kernel: [    0.000000] ACPI: LAPIC (acpi_id[0x00] lapic_id[0x00] enabled)
2013-04-09T17:24:04.676103+00:00 ubuntu kern.info kernel: [    0.000000] ACPI: IOAPIC (id[0x01] address[0xfec00000] gsi_base[0])
2013-04-09T17:24:04.676104+00:00 ubuntu kern.info kernel: [    0.000000] IOAPIC[0]: apic_id 1, version 17, address 0xfec00000, GSI 0-23
2013-04-09T17:24:04.676105+00:00 ubuntu kern.info kernel: [    0.000000] ACPI: INT_SRC_OVR (bus 0 bus_irq 0 global_irq 2 dfl dfl)
2013-04-09T17:24:04.676106+00:00 ubuntu kern.info kernel: [    0.000000] ACPI: INT_SRC_OVR (bus 0 bus_irq 9 global_irq 9 high level)
2013-04-09T17:24:04.676107+00:00 ubuntu kern.debug kernel: [    0.000000] ACPI: IRQ0 used by override.
2013-04-09T17:24:04.676108+00:00 ubuntu kern.debug kernel: [    0.000000] ACPI: IRQ2 used by override.
2013-04-09T17:24:04.676110+00:00 ubuntu kern.debug kernel: [    0.000000] ACPI: IRQ9 used by override.
2013-04-09T17:24:04.676111+00:00 ubuntu kern.info kernel: [    0.000000] Using ACPI (MADT) for SMP configuration information
2013-04-09T17:24:04.676111+00:00 ubuntu kern.info kernel: [    0.000000] SMP: Allowing 1 CPUs, 0 hotplug CPUs
2013-04-09T17:24:04.676112+00:00 ubuntu kern.debug kernel: [    0.000000] nr_irqs_gsi: 40
2013-04-09T17:24:04.676113+00:00 ubuntu kern.info kernel: [    0.000000] PM: Registered nosave memory: 000000000009f000 - 00000000000a0000
2013-04-09T17:24:04.676114+00:00 ubuntu kern.info kernel: [    0.000000] PM: Registered nosave memory: 00000000000a0000 - 00000000000f0000
2013-04-09T17:24:04.676115+00:00 ubuntu kern.info kernel: [    0.000000] PM: Registered nosave memory: 00000000000f0000 - 0000000000100000
2013-04-09T17:24:04.676117+00:00 ubuntu kern.info kernel: [    0.000000] e820: [mem 0x20000000-0xfffbffff] available for PCI devices
2013-04-09T17:24:04.676118+00:00 ubuntu kern.info kernel: [    0.000000] Booting paravirtualized kernel on bare hardware
2013-04-09T17:24:04.676119+00:00 ubuntu kern.info kernel: [    0.000000] setup_percpu: NR_CPUS:256 nr_cpumask_bits:256 nr_cpu_ids:1 nr_node_ids:1
2013-04-09T17:24:04.676120+00:00 ubuntu kern.info kernel: [    0.000000] PERCPU: Embedded 28 pages/cpu @ffff88001fc00000 s83584 r8192 d22912 u2097152
2013-04-09T17:24:04.676121+00:00 ubuntu kern.debug kernel: [    0.000000] pcpu-alloc: s83584 r8192 d22912 u2097152 alloc=1*2097152
2013-04-09T17:24:04.676122+00:00 ubuntu kern.debug kernel: [    0.000000] pcpu-alloc: [0] 0 
2013-04-09T17:24:04.676123+00:00 ubuntu kern.warning kernel: [    0.000000] Built 1 zonelists in Node order, mobility grouping on.  Total pages: 128889
2013-04-09T17:24:04.676125+00:00 ubuntu kern.warning kernel: [    0.000000] Policy zone: DMA32
2013-04-09T17:24:04.676129+00:00 ubuntu kern.notice kernel: [    0.000000] Kernel command line: BOOT_IMAGE=/boot/vmlinuz-3.5.0-17-generic root=UUID=ea863020-679a-4573-908d-b7412183b5ce ro
2013-04-09T17:24:04.676130+00:00 ubuntu kern.info kernel: [    0.000000] PID hash table entries: 2048 (order: 2, 16384 bytes)
2013-04-09T17:24:04.676131+00:00 ubuntu kern.notice kernel: [    0.000000] __ex_table already sorted, skipping sort
2013-04-09T17:24:04.676131+00:00 ubuntu kern.info kernel: [    0.000000] Checking aperture...
2013-04-09T17:24:04.676132+00:00 ubuntu kern.info kernel: [    0.000000] No AGP bridge found
2013-04-09T17:24:04.676133+00:00 ubuntu kern.debug kernel: [    0.000000] Calgary: detecting Calgary via BIOS EBDA area
2013-04-09T17:24:04.676134+00:00 ubuntu kern.debug kernel: [    0.000000] Calgary: Unable to locate Rio Grande table in EBDA - bailing!
2013-04-09T17:24:04.676136+00:00 ubuntu kern.info kernel: [    0.000000] Memory: 484784k/524224k available (6711k kernel code, 452k absent, 38988k reserved, 6459k data, 928k init)
2013-04-09T17:24:04.676137+00:00 ubuntu kern.info kernel: [    0.000000] SLUB: Genslabs=15, HWalign=64, Order=0-3, MinObjects=0, CPUs=1, Nodes=1
2013-04-09T17:24:04.676138+00:00 ubuntu kern.info kernel: [    0.000000] Hierarchical RCU implementation.
2013-04-09T17:24:04.676139+00:00 ubuntu kern.info kernel: [    0.000000] 	RCU dyntick-idle grace-period acceleration is enabled.
2013-04-09T17:24:04.676140+00:00 ubuntu kern.info kernel: [    0.000000] NR_IRQS:16640 nr_irqs:256 16
2013-04-09T17:24:04.676140+00:00 ubuntu kern.info kernel: [    0.000000] Console: colour dummy device 80x25
2013-04-09T17:24:04.676141+00:00 ubuntu kern.info kernel: [    0.000000] console [tty0] enabled
2013-04-09T17:24:04.676143+00:00 ubuntu kern.info kernel: [    0.000000] allocated 2097152 bytes of page_cgroup
2013-04-09T17:24:04.676144+00:00 ubuntu kern.info kernel: [    0.000000] please try 'cgroup_disable=memory' option if you don't want memory cgroups
2013-04-09T17:24:04.676145+00:00 ubuntu kern.warning kernel: [    0.000000] Fast TSC calibration failed
2013-04-09T17:24:04.676146+00:00 ubuntu kern.warning kernel: [    0.000000] TSC: Unable to calibrate against PIT
2013-04-09T17:24:04.676147+00:00 ubuntu kern.info kernel: [    0.000000] TSC: using PMTIMER reference calibration
2013-04-09T17:24:04.676147+00:00 ubuntu kern.warning kernel: [    0.000000] Detected 1701.141 MHz processor.
2013-04-09T17:24:04.676148+00:00 ubuntu kern.info kernel: [    0.016004] Calibrating delay loop (skipped), value calculated using timer frequency.. 3402.28 BogoMIPS (lpj=6804564)
2013-04-09T17:24:04.676149+00:00 ubuntu kern.info kernel: [    0.016010] pid_max: default: 32768 minimum: 301
2013-04-09T17:24:04.676151+00:00 ubuntu kern.info kernel: [    0.016035] Security Framework initialized
2013-04-09T17:24:04.676152+00:00 ubuntu kern.info kernel: [    0.016051] AppArmor: AppArmor initialized
2013-04-09T17:24:04.676153+00:00 ubuntu kern.info kernel: [    0.016053] Yama: becoming mindful.
2013-04-09T17:24:04.676154+00:00 ubuntu kern.info kernel: [    0.016120] Dentry cache hash table entries: 65536 (order: 7, 524288 bytes)
2013-04-09T17:24:04.676155+00:00 ubuntu kern.info kernel: [    0.016247] Inode-cache hash table entries: 32768 (order: 6, 262144 bytes)
2013-04-09T17:24:04.676155+00:00 ubuntu kern.info kernel: [    0.016306] Mount-cache hash table entries: 256
2013-04-09T17:24:04.676156+00:00 ubuntu kern.info kernel: [    0.016447] Initializing cgroup subsys cpuacct
2013-04-09T17:24:04.676158+00:00 ubuntu kern.info kernel: [    0.016451] Initializing cgroup subsys memory
2013-04-09T17:24:04.676159+00:00 ubuntu kern.info kernel: [    0.016459] Initializing cgroup subsys devices
2013-04-09T17:24:04.676160+00:00 ubuntu kern.info kernel: [    0.016462] Initializing cgroup subsys freezer
2013-04-09T17:24:04.676160+00:00 ubuntu kern.info kernel: [    0.016464] Initializing cgroup subsys blkio
2013-04-09T17:24:04.676161+00:00 ubuntu kern.info kernel: [    0.016466] Initializing cgroup subsys perf_event
2013-04-09T17:24:04.676162+00:00 ubuntu kern.info kernel: [    0.016664] mce: CPU supports 0 MCE banks
2013-04-09T17:24:04.676163+00:00 ubuntu kern.info kernel: [    0.016798] using mwait in idle threads.
2013-04-09T17:24:04.676163+00:00 ubuntu kern.info kernel: [    0.017137] SMP alternatives: switching to UP code
2013-04-09T17:24:04.676165+00:00 ubuntu kern.info kernel: [    0.068691] Freeing SMP alternatives: 24k freed
2013-04-09T17:24:04.676198+00:00 ubuntu kern.info kernel: [    0.069293] ACPI: Core revision 20120320
2013-04-09T17:24:04.676199+00:00 ubuntu kern.info kernel: [    0.070627] ftrace: allocating 25118 entries in 99 pages
2013-04-09T17:24:04.676200+00:00 ubuntu kern.info kernel: [    0.093739] ..TIMER: vector=0x30 apic1=0 pin1=2 apic2=-1 pin2=-1
2013-04-09T17:24:04.676201+00:00 ubuntu kern.info kernel: [    0.133395] CPU0: Intel(R) Core(TM) i5-3317U CPU @ 1.70GHz stepping 09
2013-04-09T17:24:04.676202+00:00 ubuntu kern.info kernel: [    0.136007] Performance Events: unsupported p6 CPU model 58 no PMU driver, software events only.
2013-04-09T17:24:04.676203+00:00 ubuntu kern.warning kernel: [    0.136007] NMI watchdog: disabled (cpu0): hardware events not enabled
2013-04-09T17:24:04.676205+00:00 ubuntu kern.info kernel: [    0.136007] Brought up 1 CPUs
2013-04-09T17:24:04.676206+00:00 ubuntu kern.info kernel: [    0.136007] Total of 1 processors activated (3402.28 BogoMIPS).
2013-04-09T17:24:04.676207+00:00 ubuntu kern.info kernel: [    0.136007] devtmpfs: initialized
2013-04-09T17:24:04.676207+00:00 ubuntu kern.info kernel: [    0.136007] EVM: security.selinux
2013-04-09T17:24:04.676208+00:00 ubuntu kern.info kernel: [    0.136007] EVM: security.SMACK64
2013-04-09T17:24:04.676209+00:00 ubuntu kern.info kernel: [    0.136007] EVM: security.capability
2013-04-09T17:24:04.676209+00:00 ubuntu kern.info kernel: [    0.136007] dummy: 
2013-04-09T17:24:04.676210+00:00 ubuntu kern.info kernel: [    0.136007] RTC time: 17:24:01, date: 04/09/13
2013-04-09T17:24:04.676212+00:00 ubuntu kern.info kernel: [    0.136007] NET: Registered protocol family 16
2013-04-09T17:24:04.676213+00:00 ubuntu kern.info kernel: [    0.136007] ACPI: bus type pci registered
2013-04-09T17:24:04.676214+00:00 ubuntu kern.info kernel: [    0.136007] PCI: Using configuration type 1 for base access
2013-04-09T17:24:04.676214+00:00 ubuntu kern.info kernel: [    0.136007] bio: create slab <bio-0> at 0
2013-04-09T17:24:04.676215+00:00 ubuntu kern.info kernel: [    0.136007] ACPI: Added _OSI(Module Device)
2013-04-09T17:24:04.676216+00:00 ubuntu kern.info kernel: [    0.136007] ACPI: Added _OSI(Processor Device)
2013-04-09T17:24:04.676217+00:00 ubuntu kern.info kernel: [    0.136007] ACPI: Added _OSI(3.0 _SCP Extensions)
2013-04-09T17:24:04.676219+00:00 ubuntu kern.info kernel: [    0.136007] ACPI: Added _OSI(Processor Aggregator Device)
2013-04-09T17:24:04.676219+00:00 ubuntu kern.debug kernel: [    0.136007] ACPI: EC: Look up EC in DSDT
2013-04-09T17:24:04.676220+00:00 ubuntu kern.warning kernel: [    0.136007] ACPI: Executed 1 blocks of module-level executable AML code
2013-04-09T17:24:04.676221+00:00 ubuntu kern.info kernel: [    0.139252] ACPI: Interpreter enabled
2013-04-09T17:24:04.676222+00:00 ubuntu kern.info kernel: [    0.139258] ACPI: (supports S0 S5)
2013-04-09T17:24:04.676222+00:00 ubuntu kern.info kernel: [    0.139270] ACPI: Using IOAPIC for interrupt routing
2013-04-09T17:24:04.676223+00:00 ubuntu kern.info kernel: [    0.142860] ACPI: No dock devices found.
2013-04-09T17:24:04.676224+00:00 ubuntu kern.info kernel: [    0.142867] PCI: Ignoring host bridge windows from ACPI; if necessary, use "pci=use_crs" and report a bug
2013-04-09T17:24:04.676227+00:00 ubuntu kern.info kernel: [    0.142935] ACPI: PCI Root Bridge [PCI0] (domain 0000 [bus 00-ff])
2013-04-09T17:24:04.676228+00:00 ubuntu kern.debug kernel: [    0.143031] pci_root PNP0A03:00: >host bridge window [io  0x0000-0x0cf7] (ignored)
2013-04-09T17:24:04.676229+00:00 ubuntu kern.debug kernel: [    0.143034] pci_root PNP0A03:00: >host bridge window [io  0x0d00-0xffff] (ignored)
2013-04-09T17:24:04.676230+00:00 ubuntu kern.debug kernel: [    0.143036] pci_root PNP0A03:00: >host bridge window [mem 0x000a0000-0x000bffff] (ignored)
2013-04-09T17:24:04.676231+00:00 ubuntu kern.debug kernel: [    0.143037] pci_root PNP0A03:00: >host bridge window [mem 0x20000000-0xffdfffff] (ignored)
2013-04-09T17:24:04.676232+00:00 ubuntu kern.debug kernel: [    0.143039] PCI: root bus 00: using default resources
2013-04-09T17:24:04.676232+00:00 ubuntu kern.info kernel: [    0.143065] PCI host bridge to bus 0000:00
2013-04-09T17:24:04.676235+00:00 ubuntu kern.info kernel: [    0.143069] pci_bus 0000:00: >root bus resource [io  0x0000-0xffff]
2013-04-09T17:24:04.676236+00:00 ubuntu kern.info kernel: [    0.143073] pci_bus 0000:00: >root bus resource [mem 0x00000000-0xfffffffff]
2013-04-09T17:24:04.676237+00:00 ubuntu kern.debug kernel: [    0.143140] pci 0000:00:00.0: >[8086:1237] type 00 class 0x060000
2013-04-09T17:24:04.676238+00:00 ubuntu kern.debug kernel: [    0.143717] pci 0000:00:01.0: >[8086:7000] type 00 class 0x060100
2013-04-09T17:24:04.676238+00:00 ubuntu kern.debug kernel: [    0.144858] pci 0000:00:01.1: >[8086:7111] type 00 class 0x01018a
2013-04-09T17:24:04.676239+00:00 ubuntu kern.debug kernel: [    0.145467] pci 0000:00:01.1: >reg 20: [io  0xd000-0xd00f]
2013-04-09T17:24:04.676240+00:00 ubuntu kern.debug kernel: [    0.145925] pci 0000:00:02.0: >[80ee:beef] type 00 class 0x030000
2013-04-09T17:24:04.676241+00:00 ubuntu kern.debug kernel: [    0.146809] pci 0000:00:02.0: >reg 10: [mem 0xe0000000-0xe0ffffff pref]
2013-04-09T17:24:04.676243+00:00 ubuntu kern.debug kernel: [    0.151231] pci 0000:00:03.0: >[8086:100e] type 00 class 0x020000
2013-04-09T17:24:04.676244+00:00 ubuntu kern.debug kernel: [    0.151777] pci 0000:00:03.0: >reg 10: [mem 0xf0000000-0xf001ffff]
2013-04-09T17:24:04.676245+00:00 ubuntu kern.debug kernel: [    0.152515] pci 0000:00:03.0: >reg 18: [io  0xd010-0xd017]
2013-04-09T17:24:04.676246+00:00 ubuntu kern.debug kernel: [    0.154394] pci 0000:00:04.0: >[80ee:cafe] type 00 class 0x088000
2013-04-09T17:24:04.676247+00:00 ubuntu kern.debug kernel: [    0.154831] pci 0000:00:04.0: >reg 10: [io  0xd020-0xd03f]
2013-04-09T17:24:04.676247+00:00 ubuntu kern.debug kernel: [    0.155377] pci 0000:00:04.0: >reg 14: [mem 0xf0400000-0xf07fffff]
2013-04-09T17:24:04.676248+00:00 ubuntu kern.debug kernel: [    0.155824] pci 0000:00:04.0: >reg 18: [mem 0xf0800000-0xf0803fff pref]
2013-04-09T17:24:04.676250+00:00 ubuntu kern.debug kernel: [    0.157427] pci 0000:00:05.0: >[8086:2415] type 00 class 0x040100
2013-04-09T17:24:04.676251+00:00 ubuntu kern.debug kernel: [    0.157600] pci 0000:00:05.0: >reg 10: [io  0xd100-0xd1ff]
2013-04-09T17:24:04.676252+00:00 ubuntu kern.debug kernel: [    0.157703] pci 0000:00:05.0: >reg 14: [io  0xd200-0xd23f]
2013-04-09T17:24:04.676253+00:00 ubuntu kern.debug kernel: [    0.158645] pci 0000:00:06.0: >[106b:003f] type 00 class 0x0c0310
2013-04-09T17:24:04.676254+00:00 ubuntu kern.debug kernel: [    0.159094] pci 0000:00:06.0: >reg 10: [mem 0xf0804000-0xf0804fff]
2013-04-09T17:24:04.676255+00:00 ubuntu kern.debug kernel: [    0.161624] pci 0000:00:07.0: >[8086:7113] type 00 class 0x068000
2013-04-09T17:24:04.676256+00:00 ubuntu kern.debug kernel: [    0.162754] pci 0000:00:0d.0: >[8086:2829] type 00 class 0x010601
2013-04-09T17:24:04.676256+00:00 ubuntu kern.debug kernel: [    0.163265] pci 0000:00:0d.0: >reg 10: [io  0xd240-0xd247]
2013-04-09T17:24:04.676258+00:00 ubuntu kern.debug kernel: [    0.164153] pci 0000:00:0d.0: >reg 18: [io  0xd250-0xd257]
2013-04-09T17:24:04.676259+00:00 ubuntu kern.debug kernel: [    0.164861] pci 0000:00:0d.0: >reg 20: [io  0xd260-0xd26f]
2013-04-09T17:24:04.676260+00:00 ubuntu kern.debug kernel: [    0.165256] pci 0000:00:0d.0: >reg 24: [mem 0xf0806000-0xf0807fff]
2013-04-09T17:24:04.676295+00:00 ubuntu kern.debug kernel: [    0.166317] ACPI: PCI Interrupt Routing Table [\_SB_.PCI0._PRT]
2013-04-09T17:24:04.676296+00:00 ubuntu kern.info kernel: [    0.167123]  pci0000:00: >Unable to request _OSC control (_OSC support mask: 0x1e)
2013-04-09T17:24:04.676297+00:00 ubuntu kern.info kernel: [    0.176023] ACPI: PCI Interrupt Link [LNKA] (IRQs *5 9 10 11)
2013-04-09T17:24:04.676298+00:00 ubuntu kern.info kernel: [    0.176296] ACPI: PCI Interrupt Link [LNKB] (IRQs 5 9 10 *11)
2013-04-09T17:24:04.676301+00:00 ubuntu kern.info kernel: [    0.176388] ACPI: PCI Interrupt Link [LNKC] (IRQs 5 9 *10 11)
2013-04-09T17:24:04.676302+00:00 ubuntu kern.info kernel: [    0.176477] ACPI: PCI Interrupt Link [LNKD] (IRQs 5 *9 10 11)
2013-04-09T17:24:04.676303+00:00 ubuntu kern.info kernel: [    0.176718] vgaarb: device added: PCI:0000:00:02.0,decodes=io+mem,owns=io+mem,locks=none
2013-04-09T17:24:04.676304+00:00 ubuntu kern.info kernel: [    0.176725] vgaarb: loaded
2013-04-09T17:24:04.676304+00:00 ubuntu kern.info kernel: [    0.176727] vgaarb: bridge control possible 0000:00:02.0
2013-04-09T17:24:04.676305+00:00 ubuntu kern.notice kernel: [    0.176904] SCSI subsystem initialized
2013-04-09T17:24:04.676306+00:00 ubuntu kern.debug kernel: [    0.176981] libata version 3.00 loaded.
2013-04-09T17:24:04.676307+00:00 ubuntu kern.info kernel: [    0.177018] ACPI: bus type usb registered
2013-04-09T17:24:04.676309+00:00 ubuntu kern.info kernel: [    0.177043] usbcore: registered new interface driver usbfs
2013-04-09T17:24:04.676310+00:00 ubuntu kern.info kernel: [    0.177052] usbcore: registered new interface driver hub
2013-04-09T17:24:04.676311+00:00 ubuntu kern.info kernel: [    0.177081] usbcore: registered new device driver usb
2013-04-09T17:24:04.676311+00:00 ubuntu kern.info kernel: [    0.177154] PCI: Using ACPI for IRQ routing
2013-04-09T17:24:04.676312+00:00 ubuntu kern.debug kernel: [    0.177157] PCI: pci_cache_line_size set to 64 bytes
2013-04-09T17:24:04.676313+00:00 ubuntu kern.debug kernel: [    0.177487] e820: reserve RAM buffer [mem 0x0009fc00-0x0009ffff]
2013-04-09T17:24:04.676314+00:00 ubuntu kern.debug kernel: [    0.177495] e820: reserve RAM buffer [mem 0x1fff0000-0x1fffffff]
2013-04-09T17:24:04.676316+00:00 ubuntu kern.info kernel: [    0.177618] NetLabel: Initializing
2013-04-09T17:24:04.676317+00:00 ubuntu kern.info kernel: [    0.177621] NetLabel:  domain hash size = 128
2013-04-09T17:24:04.676317+00:00 ubuntu kern.info kernel: [    0.177623] NetLabel:  protocols = UNLABELED CIPSOv4
2013-04-09T17:24:04.676318+00:00 ubuntu kern.info kernel: [    0.177632] NetLabel:  unlabeled traffic allowed by default
2013-04-09T17:24:04.676319+00:00 ubuntu kern.info kernel: [    0.182832] AppArmor: AppArmor Filesystem Enabled
2013-04-09T17:24:04.676320+00:00 ubuntu kern.info kernel: [    0.182858] pnp: PnP ACPI init
2013-04-09T17:24:04.676320+00:00 ubuntu kern.info kernel: [    0.182871] ACPI: bus type pnp registered
2013-04-09T17:24:04.676321+00:00 ubuntu kern.debug kernel: [    0.183104] pnp 00:00: >[bus 00-ff]
2013-04-09T17:24:04.676323+00:00 ubuntu kern.debug kernel: [    0.183106] pnp 00:00: >[io  0x0cf8-0x0cff]
2013-04-09T17:24:04.676324+00:00 ubuntu kern.debug kernel: [    0.183108] pnp 00:00: >[io  0x0000-0x0cf7 window]
2013-04-09T17:24:04.676325+00:00 ubuntu kern.debug kernel: [    0.183110] pnp 00:00: >[io  0x0d00-0xffff window]
2013-04-09T17:24:04.676326+00:00 ubuntu kern.debug kernel: [    0.183111] pnp 00:00: >[mem 0x000a0000-0x000bffff window]
2013-04-09T17:24:04.676327+00:00 ubuntu kern.debug kernel: [    0.183113] pnp 00:00: >[mem 0x20000000-0xffdfffff window]
2013-04-09T17:24:04.676327+00:00 ubuntu kern.debug kernel: [    0.183138] pnp 00:00: >Plug and Play ACPI device, IDs PNP0a03 (active)
2013-04-09T17:24:04.676328+00:00 ubuntu kern.debug kernel: [    0.183152] pnp 00:01: >[io  0x0060]
2013-04-09T17:24:04.676330+00:00 ubuntu kern.debug kernel: [    0.183154] pnp 00:01: >[io  0x0064]
2013-04-09T17:24:04.676331+00:00 ubuntu kern.debug kernel: [    0.183200] pnp 00:01: >[irq 1]
2013-04-09T17:24:04.676332+00:00 ubuntu kern.debug kernel: [    0.183219] pnp 00:01: >Plug and Play ACPI device, IDs PNP0303 (active)
2013-04-09T17:24:04.676333+00:00 ubuntu kern.debug kernel: [    0.183227] pnp 00:02: >[io  0x0000-0x000f]
2013-04-09T17:24:04.676333+00:00 ubuntu kern.debug kernel: [    0.183228] pnp 00:02: >[io  0x0080-0x008f]
2013-04-09T17:24:04.676334+00:00 ubuntu kern.debug kernel: [    0.183230] pnp 00:02: >[io  0x00c0-0x00df]
2013-04-09T17:24:04.676335+00:00 ubuntu kern.debug kernel: [    0.183231] pnp 00:02: >[dma 4]
2013-04-09T17:24:04.676336+00:00 ubuntu kern.debug kernel: [    0.183250] pnp 00:02: >Plug and Play ACPI device, IDs PNP0200 (active)
2013-04-09T17:24:04.676338+00:00 ubuntu kern.debug kernel: [    0.183338] pnp 00:03: >[irq 12]
2013-04-09T17:24:04.676339+00:00 ubuntu kern.debug kernel: [    0.183354] pnp 00:03: >Plug and Play ACPI device, IDs PNP0f03 (active)
2013-04-09T17:24:04.676339+00:00 ubuntu kern.debug kernel: [    0.183366] pnp 00:04: >[io  0x0378-0x037f]
2013-04-09T17:24:04.676340+00:00 ubuntu kern.debug kernel: [    0.183368] pnp 00:04: >[io  0x0778-0x077f]
2013-04-09T17:24:04.676341+00:00 ubuntu kern.debug kernel: [    0.183396] pnp 00:04: >[irq 7]
2013-04-09T17:24:04.676342+00:00 ubuntu kern.debug kernel: [    0.183413] pnp 00:04: >Plug and Play ACPI device, IDs PNP0400 (active)
2013-04-09T17:24:04.676342+00:00 ubuntu kern.info kernel: [    0.184385] pnp: PnP ACPI: found 5 devices
2013-04-09T17:24:04.676344+00:00 ubuntu kern.info kernel: [    0.184390] ACPI: ACPI bus type pnp unregistered
2013-04-09T17:24:04.676345+00:00 ubuntu kern.info kernel: [    0.190812] Switching to clocksource acpi_pm
2013-04-09T17:24:04.676346+00:00 ubuntu kern.debug kernel: [    0.190812] pci_bus 0000:00: >resource 4 [io  0x0000-0xffff]
2013-04-09T17:24:04.676347+00:00 ubuntu kern.debug kernel: [    0.190812] pci_bus 0000:00: >resource 5 [mem 0x00000000-0xfffffffff]
2013-04-09T17:24:04.676348+00:00 ubuntu kern.info kernel: [    0.190812] NET: Registered protocol family 2
2013-04-09T17:24:04.676349+00:00 ubuntu kern.info kernel: [    0.190812] IP route cache hash table entries: 4096 (order: 3, 32768 bytes)
2013-04-09T17:24:04.676350+00:00 ubuntu kern.info kernel: [    0.190813] TCP established hash table entries: 16384 (order: 6, 262144 bytes)
2013-04-09T17:24:04.676351+00:00 ubuntu kern.info kernel: [    0.190813] TCP bind hash table entries: 16384 (order: 6, 262144 bytes)
2013-04-09T17:24:04.676355+00:00 ubuntu kern.info kernel: [    0.190864] TCP: Hash tables configured (established 16384 bind 16384)
2013-04-09T17:24:04.676357+00:00 ubuntu kern.info kernel: [    0.190871] TCP: reno registered
2013-04-09T17:24:04.676358+00:00 ubuntu kern.info kernel: [    0.190881] UDP hash table entries: 256 (order: 1, 8192 bytes)
2013-04-09T17:24:04.676359+00:00 ubuntu kern.info kernel: [    0.190891] UDP-Lite hash table entries: 256 (order: 1, 8192 bytes)
2013-04-09T17:24:04.676360+00:00 ubuntu kern.info kernel: [    0.190938] NET: Registered protocol family 1
2013-04-09T17:24:04.676361+00:00 ubuntu kern.info kernel: [    0.190958] pci 0000:00:00.0: >Limiting direct PCI/PCI transfers
2013-04-09T17:24:04.676361+00:00 ubuntu kern.info kernel: [    0.190999] pci 0000:00:01.0: >Activating ISA DMA hang workarounds
2013-04-09T17:24:04.676365+00:00 ubuntu kern.debug kernel: [    0.191045] pci 0000:00:02.0: >Boot video device
2013-04-09T17:24:04.676366+00:00 ubuntu kern.debug kernel: [    0.191439] PCI: CLS 0 bytes, default 64
2013-04-09T17:24:04.676368+00:00 ubuntu kern.info kernel: [    0.191572] platform rtc_cmos: >registered platform RTC device (no PNP device found)
2013-04-09T17:24:04.676368+00:00 ubuntu kern.info kernel: [    0.191772] audit: initializing netlink socket (disabled)
2013-04-09T17:24:04.676401+00:00 ubuntu kern.notice kernel: [    0.191780] type=2000 audit(1365528240.188:1): initialized
2013-04-09T17:24:04.676402+00:00 ubuntu kern.info kernel: [    0.209435] Trying to unpack rootfs image as initramfs...
2013-04-09T17:24:04.676403+00:00 ubuntu kern.info kernel: [    0.233960] HugeTLB registered 2 MB page size, pre-allocated 0 pages
2013-04-09T17:24:04.676404+00:00 ubuntu kern.notice kernel: [    0.235902] VFS: Disk quotas dquot_6.5.2
2013-04-09T17:24:04.676407+00:00 ubuntu kern.warning kernel: [    0.235954] Dquot-cache hash table entries: 512 (order 0, 4096 bytes)
2013-04-09T17:24:04.676409+00:00 ubuntu kern.info kernel: [    0.236285] fuse init (API version 7.19)
2013-04-09T17:24:04.676410+00:00 ubuntu kern.info kernel: [    0.236285] msgmni has been set to 946
2013-04-09T17:24:04.676411+00:00 ubuntu kern.info kernel: [    0.254160] Block layer SCSI generic (bsg) driver version 0.4 loaded (major 252)
2013-04-09T17:24:04.676412+00:00 ubuntu kern.info kernel: [    0.254262] io scheduler noop registered
2013-04-09T17:24:04.676413+00:00 ubuntu kern.info kernel: [    0.254269] io scheduler deadline registered (default)
2013-04-09T17:24:04.676413+00:00 ubuntu kern.info kernel: [    0.254307] io scheduler cfq registered
2013-04-09T17:24:04.676414+00:00 ubuntu kern.info kernel: [    0.254404] pci_hotplug: PCI Hot Plug PCI Core version: 0.5
2013-04-09T17:24:04.676418+00:00 ubuntu kern.info kernel: [    0.254426] pciehp: PCI Express Hot Plug Controller Driver version: 0.4
2013-04-09T17:24:04.676419+00:00 ubuntu kern.info kernel: [    0.255746] ACPI: AC Adapter [AC] (on-line)
2013-04-09T17:24:04.676420+00:00 ubuntu kern.info kernel: [    0.256822] input: Power Button as /devices/LNXSYSTM:00/LNXPWRBN:00/input/input0
2013-04-09T17:24:04.676421+00:00 ubuntu kern.info kernel: [    0.256830] ACPI: Power Button [PWRF]
2013-04-09T17:24:04.676422+00:00 ubuntu kern.info kernel: [    0.256911] input: Sleep Button as /devices/LNXSYSTM:00/LNXSLPBN:00/input/input1
2013-04-09T17:24:04.676423+00:00 ubuntu kern.info kernel: [    0.256916] ACPI: Sleep Button [SLPF]
2013-04-09T17:24:04.676424+00:00 ubuntu kern.info kernel: [    0.260014] ACPI: Battery Slot [BAT0] (battery present)
2013-04-09T17:24:04.676427+00:00 ubuntu kern.info kernel: [    0.261342] ACPI: Battery Slot [BAT0] (battery present)
2013-04-09T17:24:04.676428+00:00 ubuntu kern.info kernel: [    0.261360] GHES: HEST is not enabled!
2013-04-09T17:24:04.676429+00:00 ubuntu kern.info kernel: [    0.261423] Serial: 8250/16550 driver, 32 ports, IRQ sharing enabled
2013-04-09T17:24:04.676430+00:00 ubuntu kern.info kernel: [    0.262260] Linux agpgart interface v0.103
2013-04-09T17:24:04.676431+00:00 ubuntu kern.info kernel: [    0.263238] brd: module loaded
2013-04-09T17:24:04.676431+00:00 ubuntu kern.info kernel: [    0.268307] loop: module loaded
2013-04-09T17:24:04.676432+00:00 ubuntu kern.debug kernel: [    0.268404] ahci 0000:00:0d.0: >version 3.0
2013-04-09T17:24:04.676433+00:00 ubuntu kern.info kernel: [    0.268611] ahci: SSS flag set, parallel bus scan disabled
2013-04-09T17:24:04.676436+00:00 ubuntu kern.info kernel: [    0.268864] ahci 0000:00:0d.0: >AHCI 0001.0100 32 slots 1 ports 3 Gbps 0x1 impl SATA mode
2013-04-09T17:24:04.676438+00:00 ubuntu kern.info kernel: [    0.268869] ahci 0000:00:0d.0: >flags: 64bit ncq stag only ccc 
2013-04-09T17:24:04.676439+00:00 ubuntu kern.debug kernel: [    0.268899] ahci 0000:00:0d.0: >setting latency timer to 64
2013-04-09T17:24:04.676440+00:00 ubuntu kern.info kernel: [    0.269151] scsi0 : ahci
2013-04-09T17:24:04.676441+00:00 ubuntu kern.info kernel: [    0.269203] ata1: SATA max UDMA/133 abar m8192@0xf0806000 port 0xf0806100 irq 21
2013-04-09T17:24:04.676441+00:00 ubuntu kern.debug kernel: [    0.269230] ata_piix 0000:00:01.1: >version 2.13
2013-04-09T17:24:04.676442+00:00 ubuntu kern.debug kernel: [    0.269316] ata_piix 0000:00:01.1: >setting latency timer to 64
2013-04-09T17:24:04.676445+00:00 ubuntu kern.info kernel: [    0.269744] scsi1 : ata_piix
2013-04-09T17:24:04.676447+00:00 ubuntu kern.info kernel: [    0.276132] scsi2 : ata_piix
2013-04-09T17:24:04.676448+00:00 ubuntu kern.info kernel: [    0.276172] ata2: PATA max UDMA/33 cmd 0x1f0 ctl 0x3f6 bmdma 0xd000 irq 14
2013-04-09T17:24:04.676449+00:00 ubuntu kern.info kernel: [    0.276176] ata3: PATA max UDMA/33 cmd 0x170 ctl 0x376 bmdma 0xd008 irq 15
2013-04-09T17:24:04.676449+00:00 ubuntu kern.info kernel: [    0.276360] Fixed MDIO Bus: probed
2013-04-09T17:24:04.676450+00:00 ubuntu kern.info kernel: [    0.276390] tun: Universal TUN/TAP device driver, 1.6
2013-04-09T17:24:04.676451+00:00 ubuntu kern.info kernel: [    0.276392] tun: (C) 1999-2004 Max Krasnyansky <maxk@qualcomm.com>
2013-04-09T17:24:04.676452+00:00 ubuntu kern.info kernel: [    0.276454] PPP generic driver version 2.4.2
2013-04-09T17:24:04.676456+00:00 ubuntu kern.info kernel: [    0.276490] ehci_hcd: USB 2.0 'Enhanced' Host Controller (EHCI) Driver
2013-04-09T17:24:04.676457+00:00 ubuntu kern.info kernel: [    0.276509] ohci_hcd: USB 1.1 'Open' Host Controller (OHCI) Driver
2013-04-09T17:24:04.676458+00:00 ubuntu kern.debug kernel: [    0.276595] ohci_hcd 0000:00:06.0: >setting latency timer to 64
2013-04-09T17:24:04.676459+00:00 ubuntu kern.info kernel: [    0.276611] ohci_hcd 0000:00:06.0: >OHCI Host Controller
2013-04-09T17:24:04.676460+00:00 ubuntu kern.info kernel: [    0.276619] ohci_hcd 0000:00:06.0: >new USB bus registered, assigned bus number 1
2013-04-09T17:24:04.676461+00:00 ubuntu kern.info kernel: [    0.276708] ohci_hcd 0000:00:06.0: >irq 22, io mem 0xf0804000
2013-04-09T17:24:04.676462+00:00 ubuntu kern.info kernel: [    0.334337] usb usb1: >New USB device found, idVendor=1d6b, idProduct=0001
2013-04-09T17:24:04.676465+00:00 ubuntu kern.info kernel: [    0.334392] usb usb1: >New USB device strings: Mfr=3, Product=2, SerialNumber=1
2013-04-09T17:24:04.676467+00:00 ubuntu kern.info kernel: [    0.334438] usb usb1: >Product: OHCI Host Controller
2013-04-09T17:24:04.676468+00:00 ubuntu kern.info kernel: [    0.334480] usb usb1: >Manufacturer: Linux 3.5.0-17-generic ohci_hcd
2013-04-09T17:24:04.676469+00:00 ubuntu kern.info kernel: [    0.334518] usb usb1: >SerialNumber: 0000:00:06.0
2013-04-09T17:24:04.676470+00:00 ubuntu kern.info kernel: [    0.334848] hub 1-0:1.0: >USB hub found
2013-04-09T17:24:04.676470+00:00 ubuntu kern.info kernel: [    0.334883] hub 1-0:1.0: >8 ports detected
2013-04-09T17:24:04.676471+00:00 ubuntu kern.info kernel: [    0.335364] uhci_hcd: USB Universal Host Controller Interface driver
2013-04-09T17:24:04.676472+00:00 ubuntu kern.info kernel: [    0.335438] usbcore: registered new interface driver libusual
2013-04-09T17:24:04.676475+00:00 ubuntu kern.info kernel: [    0.335475] i8042: PNP: PS/2 Controller [PNP0303:PS2K,PNP0f03:PS2M] at 0x60,0x64 irq 1,12
2013-04-09T17:24:04.676477+00:00 ubuntu kern.info kernel: [    0.882861] ata2.00: ATAPI: VBOX CD-ROM, 1.0, max UDMA/133
2013-04-09T17:24:04.676478+00:00 ubuntu kern.info kernel: [    0.883455] ata2.00: configured for UDMA/33
2013-04-09T17:24:04.676479+00:00 ubuntu kern.info kernel: [    0.988259] ata1: SATA link up 3.0 Gbps (SStatus 123 SControl 300)
2013-04-09T17:24:04.676480+00:00 ubuntu kern.info kernel: [    0.988376] ata1.00: ATA-6: VBOX HARDDISK, 1.0, max UDMA/133
2013-04-09T17:24:04.676481+00:00 ubuntu kern.info kernel: [    0.988381] ata1.00: 16777216 sectors, multi 128: LBA48 NCQ (depth 31/32)
2013-04-09T17:24:04.676481+00:00 ubuntu kern.info kernel: [    0.988522] ata1.00: configured for UDMA/133
2013-04-09T17:24:04.676516+00:00 ubuntu kern.notice kernel: [    0.988614] scsi 0:0:0:0: >Direct-Access     ATA      VBOX HARDDISK    1.0  PQ: 0 ANSI: 5
2013-04-09T17:24:04.676518+00:00 ubuntu kern.notice kernel: [    0.988764] sd 0:0:0:0: >Attached scsi generic sg0 type 0
2013-04-09T17:24:04.676519+00:00 ubuntu kern.notice kernel: [    0.988838] sd 0:0:0:0: >[sda] 16777216 512-byte logical blocks: (8.58 GB/8.00 GiB)
2013-04-09T17:24:04.676520+00:00 ubuntu kern.notice kernel: [    0.988873] sd 0:0:0:0: >[sda] Write Protect is off
2013-04-09T17:24:04.676521+00:00 ubuntu kern.debug kernel: [    0.988876] sd 0:0:0:0: >[sda] Mode Sense: 00 3a 00 00
2013-04-09T17:24:04.676522+00:00 ubuntu kern.notice kernel: [    0.988890] sd 0:0:0:0: >[sda] Write cache: enabled, read cache: enabled, doesn't support DPO or FUA
2013-04-09T17:24:04.676523+00:00 ubuntu kern.info kernel: [    0.989620]  sda: sda1 sda2 < sda5 >
2013-04-09T17:24:04.676524+00:00 ubuntu kern.notice kernel: [    0.989824] sd 0:0:0:0: >[sda] Attached SCSI disk
2013-04-09T17:24:04.676527+00:00 ubuntu kern.notice kernel: [    0.990213] scsi 1:0:0:0: >CD-ROM            VBOX     CD-ROM           1.0  PQ: 0 ANSI: 5
2013-04-09T17:24:04.676529+00:00 ubuntu kern.warning kernel: [    0.991181] sr0: scsi3-mmc drive: 32x/32x xa/form2 tray
2013-04-09T17:24:04.676530+00:00 ubuntu kern.info kernel: [    0.991186] cdrom: Uniform CD-ROM driver Revision: 3.20
2013-04-09T17:24:04.676531+00:00 ubuntu kern.debug kernel: [    0.991260] sr 1:0:0:0: >Attached scsi CD-ROM sr0
2013-04-09T17:24:04.676531+00:00 ubuntu kern.notice kernel: [    0.991300] sr 1:0:0:0: >Attached scsi generic sg1 type 5
2013-04-09T17:24:04.676532+00:00 ubuntu kern.info kernel: [    1.034388] Freeing initrd memory: 14864k freed
2013-04-09T17:24:04.676533+00:00 ubuntu kern.info kernel: [    1.036251] serio: i8042 KBD port at 0x60,0x64 irq 1
2013-04-09T17:24:04.676536+00:00 ubuntu kern.info kernel: [    1.036264] serio: i8042 AUX port at 0x60,0x64 irq 12
2013-04-09T17:24:04.676538+00:00 ubuntu kern.info kernel: [    1.036378] mousedev: PS/2 mouse device common for all mice
2013-04-09T17:24:04.676539+00:00 ubuntu kern.info kernel: [    1.036399] input: AT Translated Set 2 keyboard as /devices/platform/i8042/serio0/input/input2
2013-04-09T17:24:04.676540+00:00 ubuntu kern.info kernel: [    1.036586] rtc_cmos rtc_cmos: >rtc core: registered rtc_cmos as rtc0
2013-04-09T17:24:04.676541+00:00 ubuntu kern.info kernel: [    1.036717] rtc0: alarms up to one day, 114 bytes nvram
2013-04-09T17:24:04.676542+00:00 ubuntu kern.info kernel: [    1.036785] device-mapper: uevent: version 1.0.3
2013-04-09T17:24:04.676543+00:00 ubuntu kern.info kernel: [    1.036831] device-mapper: ioctl: 4.22.0-ioctl (2011-10-19) initialised: dm-devel@redhat.com
2013-04-09T17:24:04.676543+00:00 ubuntu kern.info kernel: [    1.036845] cpuidle: using governor ladder
2013-04-09T17:24:04.676546+00:00 ubuntu kern.info kernel: [    1.036847] cpuidle: using governor menu
2013-04-09T17:24:04.676548+00:00 ubuntu kern.info kernel: [    1.036850] EFI Variables Facility v0.08 2004-May-17
2013-04-09T17:24:04.676549+00:00 ubuntu kern.info kernel: [    1.036984] ashmem: initialized
2013-04-09T17:24:04.676550+00:00 ubuntu kern.info kernel: [    1.037070] TCP: cubic registered
2013-04-09T17:24:04.676550+00:00 ubuntu kern.info kernel: [    1.037143] NET: Registered protocol family 10
2013-04-09T17:24:04.676551+00:00 ubuntu kern.info kernel: [    1.037301] NET: Registered protocol family 17
2013-04-09T17:24:04.676552+00:00 ubuntu kern.notice kernel: [    1.037310] Key type dns_resolver registered
2013-04-09T17:24:04.676555+00:00 ubuntu kern.debug kernel: [    1.037384] PM: Hibernation image not present or could not be loaded.
2013-04-09T17:24:04.676557+00:00 ubuntu kern.info kernel: [    1.037395] registered taskstats version 1
2013-04-09T17:24:04.676557+00:00 ubuntu kern.notice kernel: [    1.039163] Key type trusted registered
2013-04-09T17:24:04.676558+00:00 ubuntu kern.notice kernel: [    1.042218] Key type encrypted registered
2013-04-09T17:24:04.676559+00:00 ubuntu kern.info kernel: [    1.044569]   Magic number: 9:839:440
2013-04-09T17:24:04.676560+00:00 ubuntu kern.info kernel: [    1.044690] rtc_cmos rtc_cmos: >setting system clock to 2013-04-09 17:24:02 UTC (1365528242)
2013-04-09T17:24:04.676561+00:00 ubuntu kern.info kernel: [    1.044740] BIOS EDD facility v0.16 2004-Jun-25, 0 devices found
2013-04-09T17:24:04.676562+00:00 ubuntu kern.info kernel: [    1.044742] EDD information not available.
2013-04-09T17:24:04.676565+00:00 ubuntu kern.info kernel: [    1.045878] Freeing unused kernel memory: 928k freed
2013-04-09T17:24:04.676566+00:00 ubuntu kern.info kernel: [    1.045994] Write protecting the kernel read-only data: 12288k
2013-04-09T17:24:04.676567+00:00 ubuntu kern.info kernel: [    1.049401] Freeing unused kernel memory: 1472k freed
2013-04-09T17:24:04.676568+00:00 ubuntu kern.info kernel: [    1.052521] Freeing unused kernel memory: 1124k freed
2013-04-09T17:24:04.676569+00:00 ubuntu kern.info kernel: [    1.173766] e1000: Intel(R) PRO/1000 Network Driver - version 7.3.21-k8-NAPI
2013-04-09T17:24:04.676570+00:00 ubuntu kern.info kernel: [    1.173773] e1000: Copyright (c) 1999-2006 Intel Corporation.
2013-04-09T17:24:04.676571+00:00 ubuntu kern.debug kernel: [    1.176438] e1000 0000:00:03.0: >setting latency timer to 64
2013-04-09T17:24:04.676574+00:00 ubuntu kern.info kernel: [    1.192160] usb 1-1: >new full-speed USB device number 2 using ohci_hcd
2013-04-09T17:24:04.676576+00:00 ubuntu kern.info kernel: [    1.722244] e1000 0000:00:03.0: >eth0: (PCI:33MHz:32-bit) 08:00:27:e3:c3:f3
2013-04-09T17:24:04.676577+00:00 ubuntu kern.info kernel: [    1.722255] e1000 0000:00:03.0: >eth0: Intel(R) PRO/1000 Network Connection
2013-04-09T17:24:04.676578+00:00 ubuntu kern.info kernel: [    1.723247] EXT4-fs (sda1): mounted filesystem with ordered data mode. Opts: (null)
2013-04-09T17:24:04.676579+00:00 ubuntu kern.info kernel: [    1.963528] usb 1-1: >New USB device found, idVendor=80ee, idProduct=0021
2013-04-09T17:24:04.676580+00:00 ubuntu kern.info kernel: [    1.963536] usb 1-1: >New USB device strings: Mfr=1, Product=3, SerialNumber=0
2013-04-09T17:24:04.676581+00:00 ubuntu kern.info kernel: [    1.963540] usb 1-1: >Product: USB Tablet
2013-04-09T17:24:04.676582+00:00 ubuntu kern.info kernel: [    1.963542] usb 1-1: >Manufacturer: VirtualBox
2013-04-09T17:24:04.676586+00:00 ubuntu kern.info kernel: [    2.205132] Refined TSC clocksource calibration: 1701.656 MHz.
2013-04-09T17:24:04.676588+00:00 ubuntu kern.info kernel: [    2.205156] Switching to clocksource tsc
2013-04-09T17:24:04.676589+00:00 ubuntu kern.info kernel: [    2.896540] Adding 522236k swap on /dev/sda5.  Priority:-1 extents:1 across:522236k 
2013-04-09T17:24:04.676590+00:00 ubuntu kern.info kernel: [    2.905935] IPv6: ADDRCONF(NETDEV_UP): eth0: link is not ready
2013-04-09T17:24:04.676591+00:00 ubuntu kern.info kernel: [    2.921659] EXT4-fs (sda1): re-mounted. Opts: errors=remount-ro
2013-04-09T17:24:04.676592+00:00 ubuntu kern.info kernel: [    2.971874] lp: driver loaded but no devices found
2013-04-09T17:24:04.676595+00:00 ubuntu kern.err kernel: [    3.211010] piix4_smbus 0000:00:07.0: >SMBus base address uninitialized - upgrade BIOS or use force_addr=0xaddr
2013-04-09T17:24:04.775431+00:00 ubuntu kern.info kernel: [    3.317390] parport_pc 00:04: >reported by Plug and Play ACPI
2013-04-09T17:24:04.822918+00:00 ubuntu kern.info kernel: [    3.362135] microcode: CPU0 sig=0x306a9, pf=0x1, revision=0x0
2013-04-09T17:24:04.845044+00:00 ubuntu daemon.info dhclient: Internet Systems Consortium DHCP Client 4.2.4
2013-04-09T17:24:04.846819+00:00 ubuntu daemon.info dhclient: Copyright 2004-2012 Internet Systems Consortium.
2013-04-09T17:24:04.846930+00:00 ubuntu daemon.info dhclient: All rights reserved.
2013-04-09T17:24:04.847003+00:00 ubuntu daemon.info dhclient: For info, please visit https://www.isc.org/software/dhcp/
2013-04-09T17:24:04.847061+00:00 ubuntu daemon.info dhclient: 
2013-04-09T17:24:04.855582+00:00 ubuntu kern.info kernel: [    3.399059] input: ImExPS/2 Generic Explorer Mouse as /devices/platform/i8042/serio1/input/input3
2013-04-09T17:24:04.887985+00:00 ubuntu kern.info kernel: [    3.428187] e1000: eth0 NIC Link is Up 1000 Mbps Full Duplex, Flow Control: RX
2013-04-09T17:24:04.899394+00:00 ubuntu kern.info kernel: [    3.440979] usbcore: registered new interface driver usbhid
2013-04-09T17:24:04.899394+00:00 ubuntu kern.info kernel: [    3.440998] usbhid: USB HID core driver
2013-04-09T17:24:04.902173+00:00 ubuntu daemon.info dhclient: Listening on LPF/eth0/08:00:27:e3:c3:f3
2013-04-09T17:24:04.902337+00:00 ubuntu daemon.info dhclient: Sending on   LPF/eth0/08:00:27:e3:c3:f3
2013-04-09T17:24:04.902491+00:00 ubuntu daemon.info dhclient: Sending on   Socket/fallback
2013-04-09T17:24:04.902651+00:00 ubuntu daemon.info dhclient: DHCPDISCOVER on eth0 to 255.255.255.255 port 67 interval 3
2013-04-09T17:24:04.907355+00:00 ubuntu daemon.info dhclient: DHCPREQUEST of 10.0.2.15 on eth0 to 255.255.255.255 port 67
2013-04-09T17:24:04.907654+00:00 ubuntu daemon.info dhclient: DHCPOFFER of 10.0.2.15 from 10.0.2.2
2013-04-09T17:24:04.907799+00:00 ubuntu daemon.info dhclient: DHCPACK of 10.0.2.15 from 10.0.2.2
2013-04-09T17:24:05.016495+00:00 ubuntu daemon.warning failsafe: Failsafe of 120 seconds reached.
2013-04-09T17:24:05.194039+00:00 ubuntu kern.debug kernel: [    3.734625] snd_intel8x0 0000:00:05.0: >setting latency timer to 64
2013-04-09T17:24:05.217210+00:00 ubuntu daemon.info dhclient: bound to 10.0.2.15 -- renewal in 40102 seconds.
2013-04-09T17:24:05.391615+00:00 ubuntu kern.info kernel: [    3.935650] ppdev: user-space parallel port driver
2013-04-09T17:24:05.413183+00:00 ubuntu kern.info kernel: [    3.953059] microcode: Microcode Update Driver: v2.00 <tigran@aivazian.fsnet.co.uk>, Peter Oruba
2013-04-09T17:24:05.415515+00:00 ubuntu kern.info kernel: [    3.959254] input: VirtualBox USB Tablet as /devices/pci0000:00/0000:00:06.0/usb1/1-1/1-1:1.0/input/input4
2013-04-09T17:24:05.426113+00:00 ubuntu kern.info kernel: [    3.962111] hid-generic 0003:80EE:0021.0001: >input,hidraw0: USB HID v1.10 Mouse [VirtualBox USB Tablet] on usb-0000:00:06.0-1/input0
2013-04-09T17:24:05.428309+00:00 ubuntu kern.notice kernel: [    3.971734] type=1400 audit(1365528245.420:2): apparmor="STATUS" operation="profile_load" name="/sbin/dhclient" pid=781 comm="apparmor_parser"
2013-04-09T17:24:05.428546+00:00 ubuntu kern.notice kernel: [    3.972014] type=1400 audit(1365528245.420:3): apparmor="STATUS" operation="profile_load" name="/usr/lib/NetworkManager/nm-dhcp-client.action" pid=781 comm="apparmor_parser"
2013-04-09T17:24:05.428691+00:00 ubuntu kern.notice kernel: [    3.972014] type=1400 audit(1365528245.420:4): apparmor="STATUS" operation="profile_load" name="/usr/lib/connman/scripts/dhclient-script" pid=781 comm="apparmor_parser"
2013-04-09T17:24:05.439470+00:00 ubuntu kern.notice kernel: [    3.983751] type=1400 audit(1365528245.432:5): apparmor="STATUS" operation="profile_load" name="/usr/sbin/tcpdump" pid=787 comm="apparmor_parser"
2013-04-09T17:24:05.566276+00:00 ubuntu kern.info kernel: [    4.104984] intel8x0_measure_ac97_clock: measured 60287 usecs (1671 samples)
2013-04-09T17:24:05.566472+00:00 ubuntu kern.info kernel: [    4.105019] intel8x0: measured clock 27717 rejected
2013-04-09T17:24:05.571184+00:00 ubuntu daemon.info acpid: starting up with proc fs
2013-04-09T17:24:05.572295+00:00 ubuntu daemon.info acpid: 1 rule loaded
2013-04-09T17:24:05.572305+00:00 ubuntu daemon.info acpid: waiting for events: event logging is off
2013-04-09T17:24:05.573558+00:00 ubuntu cron.info cron[828]: (CRON) INFO (pidfile fd = 3)
2013-04-09T17:24:05.575605+00:00 ubuntu cron.info cron[858]: (CRON) STARTUP (fork ok)
2013-04-09T17:24:05.575833+00:00 ubuntu cron.info cron[858]: (CRON) INFO (Running @reboot jobs)
2013-04-09T17:24:05.923471+00:00 ubuntu kern.info kernel: [    4.465150] intel8x0_measure_ac97_clock: measured 56875 usecs (1672 samples)
2013-04-09T17:24:05.923602+00:00 ubuntu kern.info kernel: [    4.465155] intel8x0: measured clock 29397 rejected
2013-04-09T17:24:06.284522+00:00 ubuntu kern.info kernel: [    4.824456] intel8x0_measure_ac97_clock: measured 54998 usecs (3901 samples)
2013-04-09T17:24:06.284641+00:00 ubuntu kern.info kernel: [    4.824461] intel8x0: measured clock 70929 rejected
2013-04-09T17:24:06.284695+00:00 ubuntu kern.info kernel: [    4.824464] intel8x0: clocking to 48000
2013-04-09T17:24:06.327596+00:00 ubuntu kern.info kernel: [    4.868775] vesafb: mode is 640x480x32, linelength=2560, pages=0
2013-04-09T17:24:06.327596+00:00 ubuntu kern.info kernel: [    4.868793] vesafb: scrolling: redraw
2013-04-09T17:24:06.327597+00:00 ubuntu kern.info kernel: [    4.868809] vesafb: Truecolor: size=8:8:8:8, shift=24:16:8:0
2013-04-09T17:24:06.327597+00:00 ubuntu kern.warning kernel: [    4.868842] mtrr: your processor doesn't support write-combining
2013-04-09T17:24:06.327600+00:00 ubuntu kern.info kernel: [    4.868935] vesafb: framebuffer at 0xe0000000, mapped to 0xffffc90000200000, using 1216k, total 1216k
2013-04-09T17:24:06.327679+00:00 ubuntu kern.info kernel: [    4.869529] Console: switching to colour frame buffer device 80x30
2013-04-09T17:24:06.327769+00:00 ubuntu kern.info kernel: [    4.871750] fb0: VESA VGA frame buffer device
2013-04-09T17:24:12.156254+00:00 ubuntu kern.info kernel: Kernel logging (proc) stopped.
2013-04-09T17:24:12.156290+00:00 ubuntu syslog.info rsyslogd: [origin software="rsyslogd" swVersion="5.8.6" x-pid="363" x-info="http://www.rsyslog.com"] exiting on signal 15.
2013-04-09T17:31:55.546241+00:00 ubuntu kern.info kernel: imklog 5.8.6, log source = /proc/kmsg started.
2013-04-09T17:31:55.546298+00:00 ubuntu syslog.info rsyslogd: [origin software="rsyslogd" swVersion="5.8.6" x-pid="436" x-info="http://www.rsyslog.com"] start
2013-04-09T17:31:55.550670+00:00 ubuntu syslog.info rsyslogd: rsyslogd's groupid changed to 103
2013-04-09T17:31:55.558122+00:00 ubuntu syslog.info rsyslogd: rsyslogd's userid changed to 101
2013-04-09T17:31:55.546042+00:00 ubuntu syslog.err rsyslogd-2039: Could not open output pipe '/dev/xconsole' [try http://www.rsyslog.com/e/2039 ]
2013-04-09T17:31:55.559493+00:00 ubuntu kern.info kernel: [    0.000000] Initializing cgroup subsys cpuset
2013-04-09T17:31:55.559498+00:00 ubuntu kern.info kernel: [    0.000000] Initializing cgroup subsys cpu
2013-04-09T17:31:55.559499+00:00 ubuntu kern.notice kernel: [    0.000000] Linux version 3.5.0-17-generic (buildd@allspice) (gcc version 4.7.2 (Ubuntu/Linaro 4.7.2-2ubuntu1) ) #28-Ubuntu SMP Tue Oct 9 19:31:23 UTC 2012 (Ubuntu 3.5.0-17.28-generic 3.5.5)
2013-04-09T17:31:55.559503+00:00 ubuntu kern.info kernel: [    0.000000] Command line: BOOT_IMAGE=/boot/vmlinuz-3.5.0-17-generic root=UUID=ea863020-679a-4573-908d-b7412183b5ce ro
2013-04-09T17:31:55.559504+00:00 ubuntu kern.info kernel: [    0.000000] KERNEL supported cpus:
2013-04-09T17:31:55.559504+00:00 ubuntu kern.info kernel: [    0.000000]   Intel GenuineIntel
2013-04-09T17:31:55.559505+00:00 ubuntu kern.info kernel: [    0.000000]   AMD AuthenticAMD
2013-04-09T17:31:55.559506+00:00 ubuntu kern.info kernel: [    0.000000]   Centaur CentaurHauls
2013-04-09T17:31:55.559507+00:00 ubuntu kern.info kernel: [    0.000000] e820: BIOS-provided physical RAM map:
2013-04-09T17:31:55.559508+00:00 ubuntu kern.info kernel: [    0.000000] BIOS-e820: [mem 0x0000000000000000-0x000000000009fbff] usable
2013-04-09T17:31:55.559510+00:00 ubuntu kern.info kernel: [    0.000000] BIOS-e820: [mem 0x000000000009fc00-0x000000000009ffff] reserved
2013-04-09T17:31:55.559512+00:00 ubuntu kern.info kernel: [    0.000000] BIOS-e820: [mem 0x00000000000f0000-0x00000000000fffff] reserved
2013-04-09T17:31:55.559513+00:00 ubuntu kern.info kernel: [    0.000000] BIOS-e820: [mem 0x0000000000100000-0x000000001ffeffff] usable
2013-04-09T17:31:55.559513+00:00 ubuntu kern.info kernel: [    0.000000] BIOS-e820: [mem 0x000000001fff0000-0x000000001fffffff] ACPI data
2013-04-09T17:31:55.559514+00:00 ubuntu kern.info kernel: [    0.000000] BIOS-e820: [mem 0x00000000fffc0000-0x00000000ffffffff] reserved
2013-04-09T17:31:55.559515+00:00 ubuntu kern.info kernel: [    0.000000] NX (Execute Disable) protection: active
2013-04-09T17:31:55.559516+00:00 ubuntu kern.info kernel: [    0.000000] DMI 2.5 present.
2013-04-09T17:31:55.559518+00:00 ubuntu kern.debug kernel: [    0.000000] DMI: innotek GmbH VirtualBox/VirtualBox, BIOS VirtualBox 12/01/2006
2013-04-09T17:31:55.559519+00:00 ubuntu kern.debug kernel: [    0.000000] e820: update [mem 0x00000000-0x0000ffff] usable ==> reserved
2013-04-09T17:31:55.559520+00:00 ubuntu kern.debug kernel: [    0.000000] e820: remove [mem 0x000a0000-0x000fffff] usable
2013-04-09T17:31:55.559521+00:00 ubuntu kern.info kernel: [    0.000000] No AGP bridge found
2013-04-09T17:31:55.559522+00:00 ubuntu kern.info kernel: [    0.000000] e820: last_pfn = 0x1fff0 max_arch_pfn = 0x400000000
2013-04-09T17:31:55.559523+00:00 ubuntu kern.debug kernel: [    0.000000] MTRR default type: uncachable
2013-04-09T17:31:55.559524+00:00 ubuntu kern.debug kernel: [    0.000000] MTRR variable ranges disabled:
2013-04-09T17:31:55.559525+00:00 ubuntu kern.info kernel: [    0.000000] x86 PAT enabled: cpu 0, old 0x7040600070406, new 0x7010600070106
2013-04-09T17:31:55.559527+00:00 ubuntu kern.info kernel: [    0.000000] CPU MTRRs all blank - virtualized system.
2013-04-09T17:31:55.559528+00:00 ubuntu kern.info kernel: [    0.000000] found SMP MP-table at [mem 0x0009fff0-0x0009ffff] mapped at [ffff88000009fff0]
2013-04-09T17:31:55.559529+00:00 ubuntu kern.debug kernel: [    0.000000] initial memory mapped: [mem 0x00000000-0x1fffffff]
2013-04-09T17:31:55.559530+00:00 ubuntu kern.debug kernel: [    0.000000] Base memory trampoline at [ffff880000099000] 99000 size 24576
2013-04-09T17:31:55.559531+00:00 ubuntu kern.info kernel: [    0.000000] init_memory_mapping: [mem 0x00000000-0x1ffeffff]
2013-04-09T17:31:55.559532+00:00 ubuntu kern.debug kernel: [    0.000000]  [mem 0x00000000-0x1fdfffff] page 2M
2013-04-09T17:31:55.559532+00:00 ubuntu kern.debug kernel: [    0.000000]  [mem 0x1fe00000-0x1ffeffff] page 4k
2013-04-09T17:31:55.559535+00:00 ubuntu kern.debug kernel: [    0.000000] kernel direct mapping tables up to 0x1ffeffff @ [mem 0x1ffed000-0x1ffeffff]
2013-04-09T17:31:55.559536+00:00 ubuntu kern.info kernel: [    0.000000] RAMDISK: [mem 0x1e63e000-0x1f4c1fff]
2013-04-09T17:31:55.559537+00:00 ubuntu kern.warning kernel: [    0.000000] ACPI: RSDP 00000000000e0000 00024 (v02 VBOX  )
2013-04-09T17:31:55.559538+00:00 ubuntu kern.warning kernel: [    0.000000] ACPI: XSDT 000000001fff0030 0003C (v01 VBOX   VBOXXSDT 00000001 ASL  00000061)
2013-04-09T17:31:55.559539+00:00 ubuntu kern.warning kernel: [    0.000000] ACPI: FACP 000000001fff00f0 000F4 (v04 VBOX   VBOXFACP 00000001 ASL  00000061)
2013-04-09T17:31:55.559540+00:00 ubuntu kern.warning kernel: [    0.000000] ACPI: DSDT 000000001fff0470 01B96 (v01 VBOX   VBOXBIOS 00000002 INTL 20100528)
2013-04-09T17:31:55.559540+00:00 ubuntu kern.warning kernel: [    0.000000] ACPI: FACS 000000001fff0200 00040
2013-04-09T17:31:55.559541+00:00 ubuntu kern.warning kernel: [    0.000000] ACPI: APIC 000000001fff0240 00054 (v02 VBOX   VBOXAPIC 00000001 ASL  00000061)
2013-04-09T17:31:55.559544+00:00 ubuntu kern.warning kernel: [    0.000000] ACPI: SSDT 000000001fff02a0 001CC (v01 VBOX   VBOXCPUT 00000002 INTL 20100528)
2013-04-09T17:31:55.559545+00:00 ubuntu kern.debug kernel: [    0.000000] ACPI: Local APIC address 0xfee00000
2013-04-09T17:31:55.559545+00:00 ubuntu kern.info kernel: [    0.000000] No NUMA configuration found
2013-04-09T17:31:55.559546+00:00 ubuntu kern.info kernel: [    0.000000] Faking a node at [mem 0x0000000000000000-0x000000001ffeffff]
2013-04-09T17:31:55.559547+00:00 ubuntu kern.info kernel: [    0.000000] Initmem setup node 0 [mem 0x00000000-0x1ffeffff]
2013-04-09T17:31:55.559548+00:00 ubuntu kern.info kernel: [    0.000000]   NODE_DATA [mem 0x1ffe9000-0x1ffecfff]
2013-04-09T17:31:55.559549+00:00 ubuntu kern.debug kernel: [    0.000000]  [ffffea0000000000-ffffea00007fffff] PMD -> [ffff88001de00000-ffff88001e5fffff] on node 0
2013-04-09T17:31:55.559551+00:00 ubuntu kern.warning kernel: [    0.000000] Zone ranges:
2013-04-09T17:31:55.559552+00:00 ubuntu kern.warning kernel: [    0.000000]   DMA      [mem 0x00010000-0x00ffffff]
2013-04-09T17:31:55.559553+00:00 ubuntu kern.warning kernel: [    0.000000]   DMA32    [mem 0x01000000-0xffffffff]
2013-04-09T17:31:55.559553+00:00 ubuntu kern.warning kernel: [    0.000000]   Normal   empty
2013-04-09T17:31:55.559554+00:00 ubuntu kern.warning kernel: [    0.000000] Movable zone start for each node
2013-04-09T17:31:55.559555+00:00 ubuntu kern.warning kernel: [    0.000000] Early memory node ranges
2013-04-09T17:31:55.559556+00:00 ubuntu kern.warning kernel: [    0.000000]   node   0: [mem 0x00010000-0x0009efff]
2013-04-09T17:31:55.559557+00:00 ubuntu kern.warning kernel: [    0.000000]   node   0: [mem 0x00100000-0x1ffeffff]
2013-04-09T17:31:55.559559+00:00 ubuntu kern.debug kernel: [    0.000000] On node 0 totalpages: 130943
2013-04-09T17:31:55.559560+00:00 ubuntu kern.debug kernel: [    0.000000]   DMA zone: 64 pages used for memmap
2013-04-09T17:31:55.559560+00:00 ubuntu kern.debug kernel: [    0.000000]   DMA zone: 6 pages reserved
2013-04-09T17:31:55.559561+00:00 ubuntu kern.debug kernel: [    0.000000]   DMA zone: 3913 pages, LIFO batch:0
2013-04-09T17:31:55.559562+00:00 ubuntu kern.debug kernel: [    0.000000]   DMA32 zone: 1984 pages used for memmap
2013-04-09T17:31:55.559596+00:00 ubuntu kern.debug kernel: [    0.000000]   DMA32 zone: 124976 pages, LIFO batch:31
2013-04-09T17:31:55.559597+00:00 ubuntu kern.info kernel: [    0.000000] ACPI: PM-Timer IO Port: 0x4008
2013-04-09T17:31:55.559601+00:00 ubuntu kern.debug kernel: [    0.000000] ACPI: Local APIC address 0xfee00000
2013-04-09T17:31:55.559602+00:00 ubuntu kern.info kernel: [    0.000000] ACPI: LAPIC (acpi_id[0x00] lapic_id[0x00] enabled)
2013-04-09T17:31:55.559603+00:00 ubuntu kern.info kernel: [    0.000000] ACPI: IOAPIC (id[0x01] address[0xfec00000] gsi_base[0])
2013-04-09T17:31:55.559604+00:00 ubuntu kern.info kernel: [    0.000000] IOAPIC[0]: apic_id 1, version 17, address 0xfec00000, GSI 0-23
2013-04-09T17:31:55.559605+00:00 ubuntu kern.info kernel: [    0.000000] ACPI: INT_SRC_OVR (bus 0 bus_irq 0 global_irq 2 dfl dfl)
2013-04-09T17:31:55.559606+00:00 ubuntu kern.info kernel: [    0.000000] ACPI: INT_SRC_OVR (bus 0 bus_irq 9 global_irq 9 high level)
2013-04-09T17:31:55.559607+00:00 ubuntu kern.debug kernel: [    0.000000] ACPI: IRQ0 used by override.
2013-04-09T17:31:55.559607+00:00 ubuntu kern.debug kernel: [    0.000000] ACPI: IRQ2 used by override.
2013-04-09T17:31:55.559610+00:00 ubuntu kern.debug kernel: [    0.000000] ACPI: IRQ9 used by override.
2013-04-09T17:31:55.559611+00:00 ubuntu kern.info kernel: [    0.000000] Using ACPI (MADT) for SMP configuration information
2013-04-09T17:31:55.559611+00:00 ubuntu kern.info kernel: [    0.000000] SMP: Allowing 1 CPUs, 0 hotplug CPUs
2013-04-09T17:31:55.559612+00:00 ubuntu kern.debug kernel: [    0.000000] nr_irqs_gsi: 40
2013-04-09T17:31:55.559613+00:00 ubuntu kern.info kernel: [    0.000000] PM: Registered nosave memory: 000000000009f000 - 00000000000a0000
2013-04-09T17:31:55.559614+00:00 ubuntu kern.info kernel: [    0.000000] PM: Registered nosave memory: 00000000000a0000 - 00000000000f0000
2013-04-09T17:31:55.559615+00:00 ubuntu kern.info kernel: [    0.000000] PM: Registered nosave memory: 00000000000f0000 - 0000000000100000
2013-04-09T17:31:55.559617+00:00 ubuntu kern.info kernel: [    0.000000] e820: [mem 0x20000000-0xfffbffff] available for PCI devices
2013-04-09T17:31:55.559618+00:00 ubuntu kern.info kernel: [    0.000000] Booting paravirtualized kernel on bare hardware
2013-04-09T17:31:55.559619+00:00 ubuntu kern.info kernel: [    0.000000] setup_percpu: NR_CPUS:256 nr_cpumask_bits:256 nr_cpu_ids:1 nr_node_ids:1
2013-04-09T17:31:55.559620+00:00 ubuntu kern.info kernel: [    0.000000] PERCPU: Embedded 28 pages/cpu @ffff88001fc00000 s83584 r8192 d22912 u2097152
2013-04-09T17:31:55.559621+00:00 ubuntu kern.debug kernel: [    0.000000] pcpu-alloc: s83584 r8192 d22912 u2097152 alloc=1*2097152
2013-04-09T17:31:55.559622+00:00 ubuntu kern.debug kernel: [    0.000000] pcpu-alloc: [0] 0 
2013-04-09T17:31:55.559623+00:00 ubuntu kern.warning kernel: [    0.000000] Built 1 zonelists in Node order, mobility grouping on.  Total pages: 128889
2013-04-09T17:31:55.559625+00:00 ubuntu kern.warning kernel: [    0.000000] Policy zone: DMA32
2013-04-09T17:31:55.559629+00:00 ubuntu kern.notice kernel: [    0.000000] Kernel command line: BOOT_IMAGE=/boot/vmlinuz-3.5.0-17-generic root=UUID=ea863020-679a-4573-908d-b7412183b5ce ro
2013-04-09T17:31:55.559630+00:00 ubuntu kern.info kernel: [    0.000000] PID hash table entries: 2048 (order: 2, 16384 bytes)
2013-04-09T17:31:55.559631+00:00 ubuntu kern.notice kernel: [    0.000000] __ex_table already sorted, skipping sort
2013-04-09T17:31:55.559632+00:00 ubuntu kern.info kernel: [    0.000000] Checking aperture...
2013-04-09T17:31:55.559632+00:00 ubuntu kern.info kernel: [    0.000000] No AGP bridge found
2013-04-09T17:31:55.559633+00:00 ubuntu kern.debug kernel: [    0.000000] Calgary: detecting Calgary via BIOS EBDA area
2013-04-09T17:31:55.559634+00:00 ubuntu kern.debug kernel: [    0.000000] Calgary: Unable to locate Rio Grande table in EBDA - bailing!
2013-04-09T17:31:55.559636+00:00 ubuntu kern.info kernel: [    0.000000] Memory: 484784k/524224k available (6711k kernel code, 452k absent, 38988k reserved, 6459k data, 928k init)
2013-04-09T17:31:55.559638+00:00 ubuntu kern.info kernel: [    0.000000] SLUB: Genslabs=15, HWalign=64, Order=0-3, MinObjects=0, CPUs=1, Nodes=1
2013-04-09T17:31:55.559638+00:00 ubuntu kern.info kernel: [    0.000000] Hierarchical RCU implementation.
2013-04-09T17:31:55.559639+00:00 ubuntu kern.info kernel: [    0.000000] 	RCU dyntick-idle grace-period acceleration is enabled.
2013-04-09T17:31:55.559640+00:00 ubuntu kern.info kernel: [    0.000000] NR_IRQS:16640 nr_irqs:256 16
2013-04-09T17:31:55.559641+00:00 ubuntu kern.info kernel: [    0.000000] Console: colour dummy device 80x25
2013-04-09T17:31:55.559642+00:00 ubuntu kern.info kernel: [    0.000000] console [tty0] enabled
2013-04-09T17:31:55.559644+00:00 ubuntu kern.info kernel: [    0.000000] allocated 2097152 bytes of page_cgroup
2013-04-09T17:31:55.559645+00:00 ubuntu kern.info kernel: [    0.000000] please try 'cgroup_disable=memory' option if you don't want memory cgroups
2013-04-09T17:31:55.559646+00:00 ubuntu kern.warning kernel: [    0.000000] Fast TSC calibration failed
2013-04-09T17:31:55.559646+00:00 ubuntu kern.info kernel: [    0.000000] TSC: PIT calibration matches PMTIMER. 1 loops
2013-04-09T17:31:55.559647+00:00 ubuntu kern.warning kernel: [    0.000000] Detected 1687.246 MHz processor.
2013-04-09T17:31:55.559648+00:00 ubuntu kern.info kernel: [    0.008004] Calibrating delay loop (skipped), value calculated using timer frequency.. 3374.49 BogoMIPS (lpj=6748984)
2013-04-09T17:31:55.559649+00:00 ubuntu kern.info kernel: [    0.008013] pid_max: default: 32768 minimum: 301
2013-04-09T17:31:55.559650+00:00 ubuntu kern.info kernel: [    0.008048] Security Framework initialized
2013-04-09T17:31:55.559652+00:00 ubuntu kern.info kernel: [    0.008072] AppArmor: AppArmor initialized
2013-04-09T17:31:55.559653+00:00 ubuntu kern.info kernel: [    0.008076] Yama: becoming mindful.
2013-04-09T17:31:55.559654+00:00 ubuntu kern.info kernel: [    0.008150] Dentry cache hash table entries: 65536 (order: 7, 524288 bytes)
2013-04-09T17:31:55.559655+00:00 ubuntu kern.info kernel: [    0.008275] Inode-cache hash table entries: 32768 (order: 6, 262144 bytes)
2013-04-09T17:31:55.559655+00:00 ubuntu kern.info kernel: [    0.008334] Mount-cache hash table entries: 256
2013-04-09T17:31:55.559656+00:00 ubuntu kern.info kernel: [    0.008476] Initializing cgroup subsys cpuacct
2013-04-09T17:31:55.559657+00:00 ubuntu kern.info kernel: [    0.008480] Initializing cgroup subsys memory
2013-04-09T17:31:55.559659+00:00 ubuntu kern.info kernel: [    0.008488] Initializing cgroup subsys devices
2013-04-09T17:31:55.559660+00:00 ubuntu kern.info kernel: [    0.008490] Initializing cgroup subsys freezer
2013-04-09T17:31:55.559661+00:00 ubuntu kern.info kernel: [    0.008493] Initializing cgroup subsys blkio
2013-04-09T17:31:55.559662+00:00 ubuntu kern.info kernel: [    0.008496] Initializing cgroup subsys perf_event
2013-04-09T17:31:55.559662+00:00 ubuntu kern.info kernel: [    0.008694] mce: CPU supports 0 MCE banks
2013-04-09T17:31:55.559663+00:00 ubuntu kern.info kernel: [    0.008828] using mwait in idle threads.
2013-04-09T17:31:55.559664+00:00 ubuntu kern.info kernel: [    0.009165] SMP alternatives: switching to UP code
2013-04-09T17:31:55.559665+00:00 ubuntu kern.info kernel: [    0.061898] Freeing SMP alternatives: 24k freed
2013-04-09T17:31:55.559667+00:00 ubuntu kern.info kernel: [    0.061953] ACPI: Core revision 20120320
2013-04-09T17:31:55.559700+00:00 ubuntu kern.info kernel: [    0.062882] ftrace: allocating 25118 entries in 99 pages
2013-04-09T17:31:55.559701+00:00 ubuntu kern.info kernel: [    0.088475] ..TIMER: vector=0x30 apic1=0 pin1=2 apic2=-1 pin2=-1
2013-04-09T17:31:55.559702+00:00 ubuntu kern.info kernel: [    0.130043] CPU0: Intel(R) Core(TM) i5-3317U CPU @ 1.70GHz stepping 09
2013-04-09T17:31:55.559703+00:00 ubuntu kern.info kernel: [    0.132007] Performance Events: unsupported p6 CPU model 58 no PMU driver, software events only.
2013-04-09T17:31:55.559704+00:00 ubuntu kern.warning kernel: [    0.132007] NMI watchdog: disabled (cpu0): hardware events not enabled
2013-04-09T17:31:55.559704+00:00 ubuntu kern.info kernel: [    0.132007] Brought up 1 CPUs
2013-04-09T17:31:55.559707+00:00 ubuntu kern.info kernel: [    0.132007] Total of 1 processors activated (3374.49 BogoMIPS).
2013-04-09T17:31:55.559708+00:00 ubuntu kern.info kernel: [    0.132007] devtmpfs: initialized
2013-04-09T17:31:55.559708+00:00 ubuntu kern.info kernel: [    0.132007] EVM: security.selinux
2013-04-09T17:31:55.559709+00:00 ubuntu kern.info kernel: [    0.132007] EVM: security.SMACK64
2013-04-09T17:31:55.559710+00:00 ubuntu kern.info kernel: [    0.132007] EVM: security.capability
2013-04-09T17:31:55.559710+00:00 ubuntu kern.info kernel: [    0.132007] dummy: 
2013-04-09T17:31:55.559711+00:00 ubuntu kern.info kernel: [    0.132007] RTC time: 17:31:52, date: 04/09/13
2013-04-09T17:31:55.559712+00:00 ubuntu kern.info kernel: [    0.132007] NET: Registered protocol family 16
2013-04-09T17:31:55.559714+00:00 ubuntu kern.info kernel: [    0.132007] ACPI: bus type pci registered
2013-04-09T17:31:55.559715+00:00 ubuntu kern.info kernel: [    0.132007] PCI: Using configuration type 1 for base access
2013-04-09T17:31:55.559716+00:00 ubuntu kern.info kernel: [    0.132007] bio: create slab <bio-0> at 0
2013-04-09T17:31:55.559716+00:00 ubuntu kern.info kernel: [    0.132007] ACPI: Added _OSI(Module Device)
2013-04-09T17:31:55.559717+00:00 ubuntu kern.info kernel: [    0.132007] ACPI: Added _OSI(Processor Device)
2013-04-09T17:31:55.559718+00:00 ubuntu kern.info kernel: [    0.132007] ACPI: Added _OSI(3.0 _SCP Extensions)
2013-04-09T17:31:55.559719+00:00 ubuntu kern.info kernel: [    0.132007] ACPI: Added _OSI(Processor Aggregator Device)
2013-04-09T17:31:55.559721+00:00 ubuntu kern.debug kernel: [    0.132007] ACPI: EC: Look up EC in DSDT
2013-04-09T17:31:55.559722+00:00 ubuntu kern.warning kernel: [    0.132007] ACPI: Executed 1 blocks of module-level executable AML code
2013-04-09T17:31:55.559723+00:00 ubuntu kern.info kernel: [    0.134969] ACPI: Interpreter enabled
2013-04-09T17:31:55.559723+00:00 ubuntu kern.info kernel: [    0.134977] ACPI: (supports S0 S5)
2013-04-09T17:31:55.559724+00:00 ubuntu kern.info kernel: [    0.134988] ACPI: Using IOAPIC for interrupt routing
2013-04-09T17:31:55.559725+00:00 ubuntu kern.info kernel: [    0.138783] ACPI: No dock devices found.
2013-04-09T17:31:55.559726+00:00 ubuntu kern.info kernel: [    0.138789] PCI: Ignoring host bridge windows from ACPI; if necessary, use "pci=use_crs" and report a bug
2013-04-09T17:31:55.559727+00:00 ubuntu kern.info kernel: [    0.138850] ACPI: PCI Root Bridge [PCI0] (domain 0000 [bus 00-ff])
2013-04-09T17:31:55.559730+00:00 ubuntu kern.debug kernel: [    0.138940] pci_root PNP0A03:00: >host bridge window [io  0x0000-0x0cf7] (ignored)
2013-04-09T17:31:55.559731+00:00 ubuntu kern.debug kernel: [    0.138942] pci_root PNP0A03:00: >host bridge window [io  0x0d00-0xffff] (ignored)
2013-04-09T17:31:55.559732+00:00 ubuntu kern.debug kernel: [    0.138943] pci_root PNP0A03:00: >host bridge window [mem 0x000a0000-0x000bffff] (ignored)
2013-04-09T17:31:55.559733+00:00 ubuntu kern.debug kernel: [    0.138945] pci_root PNP0A03:00: >host bridge window [mem 0x20000000-0xffdfffff] (ignored)
2013-04-09T17:31:55.559734+00:00 ubuntu kern.debug kernel: [    0.138946] PCI: root bus 00: using default resources
2013-04-09T17:31:55.559734+00:00 ubuntu kern.info kernel: [    0.138970] PCI host bridge to bus 0000:00
2013-04-09T17:31:55.559735+00:00 ubuntu kern.info kernel: [    0.138974] pci_bus 0000:00: >root bus resource [io  0x0000-0xffff]
2013-04-09T17:31:55.559738+00:00 ubuntu kern.info kernel: [    0.138977] pci_bus 0000:00: >root bus resource [mem 0x00000000-0xfffffffff]
2013-04-09T17:31:55.559739+00:00 ubuntu kern.debug kernel: [    0.139039] pci 0000:00:00.0: >[8086:1237] type 00 class 0x060000
2013-04-09T17:31:55.559740+00:00 ubuntu kern.debug kernel: [    0.139568] pci 0000:00:01.0: >[8086:7000] type 00 class 0x060100
2013-04-09T17:31:55.559741+00:00 ubuntu kern.debug kernel: [    0.140471] pci 0000:00:01.1: >[8086:7111] type 00 class 0x01018a
2013-04-09T17:31:55.559741+00:00 ubuntu kern.debug kernel: [    0.141035] pci 0000:00:01.1: >reg 20: [io  0xd000-0xd00f]
2013-04-09T17:31:55.559742+00:00 ubuntu kern.debug kernel: [    0.141460] pci 0000:00:02.0: >[80ee:beef] type 00 class 0x030000
2013-04-09T17:31:55.559743+00:00 ubuntu kern.debug kernel: [    0.142410] pci 0000:00:02.0: >reg 10: [mem 0xe0000000-0xe0ffffff pref]
2013-04-09T17:31:55.559744+00:00 ubuntu kern.debug kernel: [    0.146921] pci 0000:00:03.0: >[8086:100e] type 00 class 0x020000
2013-04-09T17:31:55.559746+00:00 ubuntu kern.debug kernel: [    0.147528] pci 0000:00:03.0: >reg 10: [mem 0xf0000000-0xf001ffff]
2013-04-09T17:31:55.559747+00:00 ubuntu kern.debug kernel: [    0.148438] pci 0000:00:03.0: >reg 18: [io  0xd010-0xd017]
2013-04-09T17:31:55.559748+00:00 ubuntu kern.debug kernel: [    0.150312] pci 0000:00:04.0: >[80ee:cafe] type 00 class 0x088000
2013-04-09T17:31:55.559749+00:00 ubuntu kern.debug kernel: [    0.150780] pci 0000:00:04.0: >reg 10: [io  0xd020-0xd03f]
2013-04-09T17:31:55.559750+00:00 ubuntu kern.debug kernel: [    0.151179] pci 0000:00:04.0: >reg 14: [mem 0xf0400000-0xf07fffff]
2013-04-09T17:31:55.559751+00:00 ubuntu kern.debug kernel: [    0.151577] pci 0000:00:04.0: >reg 18: [mem 0xf0800000-0xf0803fff pref]
2013-04-09T17:31:55.559752+00:00 ubuntu kern.debug kernel: [    0.153297] pci 0000:00:05.0: >[8086:2415] type 00 class 0x040100
2013-04-09T17:31:55.559754+00:00 ubuntu kern.debug kernel: [    0.153447] pci 0000:00:05.0: >reg 10: [io  0xd100-0xd1ff]
2013-04-09T17:31:55.559755+00:00 ubuntu kern.debug kernel: [    0.153550] pci 0000:00:05.0: >reg 14: [io  0xd200-0xd23f]
2013-04-09T17:31:55.559756+00:00 ubuntu kern.debug kernel: [    0.154254] pci 0000:00:06.0: >[106b:003f] type 00 class 0x0c0310
2013-04-09T17:31:55.559757+00:00 ubuntu kern.debug kernel: [    0.154678] pci 0000:00:06.0: >reg 10: [mem 0xf0804000-0xf0804fff]
2013-04-09T17:31:55.559757+00:00 ubuntu kern.debug kernel: [    0.156996] pci 0000:00:07.0: >[8086:7113] type 00 class 0x068000
2013-04-09T17:31:55.559758+00:00 ubuntu kern.debug kernel: [    0.158146] pci 0000:00:0d.0: >[8086:2829] type 00 class 0x010601
2013-04-09T17:31:55.559759+00:00 ubuntu kern.debug kernel: [    0.158653] pci 0000:00:0d.0: >reg 10: [io  0xd240-0xd247]
2013-04-09T17:31:55.559760+00:00 ubuntu kern.debug kernel: [    0.159426] pci 0000:00:0d.0: >reg 18: [io  0xd250-0xd257]
2013-04-09T17:31:55.559762+00:00 ubuntu kern.debug kernel: [    0.160199] pci 0000:00:0d.0: >reg 20: [io  0xd260-0xd26f]
2013-04-09T17:31:55.559763+00:00 ubuntu kern.debug kernel: [    0.160589] pci 0000:00:0d.0: >reg 24: [mem 0xf0806000-0xf0807fff]
2013-04-09T17:31:55.559764+00:00 ubuntu kern.debug kernel: [    0.161658] ACPI: PCI Interrupt Routing Table [\_SB_.PCI0._PRT]
2013-04-09T17:31:55.559799+00:00 ubuntu kern.info kernel: [    0.162579]  pci0000:00: >Unable to request _OSC control (_OSC support mask: 0x1e)
2013-04-09T17:31:55.559800+00:00 ubuntu kern.info kernel: [    0.170670] ACPI: PCI Interrupt Link [LNKA] (IRQs *5 9 10 11)
2013-04-09T17:31:55.559801+00:00 ubuntu kern.info kernel: [    0.170931] ACPI: PCI Interrupt Link [LNKB] (IRQs 5 9 10 *11)
2013-04-09T17:31:55.559802+00:00 ubuntu kern.info kernel: [    0.171018] ACPI: PCI Interrupt Link [LNKC] (IRQs 5 9 *10 11)
2013-04-09T17:31:55.559805+00:00 ubuntu kern.info kernel: [    0.171103] ACPI: PCI Interrupt Link [LNKD] (IRQs 5 *9 10 11)
2013-04-09T17:31:55.559806+00:00 ubuntu kern.info kernel: [    0.171334] vgaarb: device added: PCI:0000:00:02.0,decodes=io+mem,owns=io+mem,locks=none
2013-04-09T17:31:55.559807+00:00 ubuntu kern.info kernel: [    0.171341] vgaarb: loaded
2013-04-09T17:31:55.559808+00:00 ubuntu kern.info kernel: [    0.171342] vgaarb: bridge control possible 0000:00:02.0
2013-04-09T17:31:55.559809+00:00 ubuntu kern.notice kernel: [    0.171519] SCSI subsystem initialized
2013-04-09T17:31:55.559809+00:00 ubuntu kern.debug kernel: [    0.171596] libata version 3.00 loaded.
2013-04-09T17:31:55.559810+00:00 ubuntu kern.info kernel: [    0.171633] ACPI: bus type usb registered
2013-04-09T17:31:55.559811+00:00 ubuntu kern.info kernel: [    0.171658] usbcore: registered new interface driver usbfs
2013-04-09T17:31:55.559813+00:00 ubuntu kern.info kernel: [    0.171667] usbcore: registered new interface driver hub
2013-04-09T17:31:55.559814+00:00 ubuntu kern.info kernel: [    0.171696] usbcore: registered new device driver usb
2013-04-09T17:31:55.559815+00:00 ubuntu kern.info kernel: [    0.171770] PCI: Using ACPI for IRQ routing
2013-04-09T17:31:55.559816+00:00 ubuntu kern.debug kernel: [    0.171773] PCI: pci_cache_line_size set to 64 bytes
2013-04-09T17:31:55.559817+00:00 ubuntu kern.debug kernel: [    0.172104] e820: reserve RAM buffer [mem 0x0009fc00-0x0009ffff]
2013-04-09T17:31:55.559818+00:00 ubuntu kern.debug kernel: [    0.172111] e820: reserve RAM buffer [mem 0x1fff0000-0x1fffffff]
2013-04-09T17:31:55.559818+00:00 ubuntu kern.info kernel: [    0.172222] NetLabel: Initializing
2013-04-09T17:31:55.559820+00:00 ubuntu kern.info kernel: [    0.172225] NetLabel:  domain hash size = 128
2013-04-09T17:31:55.559821+00:00 ubuntu kern.info kernel: [    0.172227] NetLabel:  protocols = UNLABELED CIPSOv4
2013-04-09T17:31:55.559822+00:00 ubuntu kern.info kernel: [    0.172235] NetLabel:  unlabeled traffic allowed by default
2013-04-09T17:31:55.559823+00:00 ubuntu kern.info kernel: [    0.176010] AppArmor: AppArmor Filesystem Enabled
2013-04-09T17:31:55.559824+00:00 ubuntu kern.info kernel: [    0.176010] pnp: PnP ACPI init
2013-04-09T17:31:55.559824+00:00 ubuntu kern.info kernel: [    0.176010] ACPI: bus type pnp registered
2013-04-09T17:31:55.559825+00:00 ubuntu kern.debug kernel: [    0.176067] pnp 00:00: >[bus 00-ff]
2013-04-09T17:31:55.559826+00:00 ubuntu kern.debug kernel: [    0.176069] pnp 00:00: >[io  0x0cf8-0x0cff]
2013-04-09T17:31:55.559828+00:00 ubuntu kern.debug kernel: [    0.176071] pnp 00:00: >[io  0x0000-0x0cf7 window]
2013-04-09T17:31:55.559829+00:00 ubuntu kern.debug kernel: [    0.176073] pnp 00:00: >[io  0x0d00-0xffff window]
2013-04-09T17:31:55.559830+00:00 ubuntu kern.debug kernel: [    0.176074] pnp 00:00: >[mem 0x000a0000-0x000bffff window]
2013-04-09T17:31:55.559831+00:00 ubuntu kern.debug kernel: [    0.176076] pnp 00:00: >[mem 0x20000000-0xffdfffff window]
2013-04-09T17:31:55.559832+00:00 ubuntu kern.debug kernel: [    0.176102] pnp 00:00: >Plug and Play ACPI device, IDs PNP0a03 (active)
2013-04-09T17:31:55.559832+00:00 ubuntu kern.debug kernel: [    0.176116] pnp 00:01: >[io  0x0060]
2013-04-09T17:31:55.559833+00:00 ubuntu kern.debug kernel: [    0.176118] pnp 00:01: >[io  0x0064]
2013-04-09T17:31:55.559835+00:00 ubuntu kern.debug kernel: [    0.176162] pnp 00:01: >[irq 1]
2013-04-09T17:31:55.559836+00:00 ubuntu kern.debug kernel: [    0.176181] pnp 00:01: >Plug and Play ACPI device, IDs PNP0303 (active)
2013-04-09T17:31:55.559837+00:00 ubuntu kern.debug kernel: [    0.176189] pnp 00:02: >[io  0x0000-0x000f]
2013-04-09T17:31:55.559838+00:00 ubuntu kern.debug kernel: [    0.176190] pnp 00:02: >[io  0x0080-0x008f]
2013-04-09T17:31:55.559838+00:00 ubuntu kern.debug kernel: [    0.176192] pnp 00:02: >[io  0x00c0-0x00df]
2013-04-09T17:31:55.559839+00:00 ubuntu kern.debug kernel: [    0.176193] pnp 00:02: >[dma 4]
2013-04-09T17:31:55.559840+00:00 ubuntu kern.debug kernel: [    0.176213] pnp 00:02: >Plug and Play ACPI device, IDs PNP0200 (active)
2013-04-09T17:31:55.559841+00:00 ubuntu kern.debug kernel: [    0.176289] pnp 00:03: >[irq 12]
2013-04-09T17:31:55.559843+00:00 ubuntu kern.debug kernel: [    0.176306] pnp 00:03: >Plug and Play ACPI device, IDs PNP0f03 (active)
2013-04-09T17:31:55.559844+00:00 ubuntu kern.debug kernel: [    0.176318] pnp 00:04: >[io  0x0378-0x037f]
2013-04-09T17:31:55.559845+00:00 ubuntu kern.debug kernel: [    0.176319] pnp 00:04: >[io  0x0778-0x077f]
2013-04-09T17:31:55.559845+00:00 ubuntu kern.debug kernel: [    0.176348] pnp 00:04: >[irq 7]
2013-04-09T17:31:55.559846+00:00 ubuntu kern.debug kernel: [    0.176365] pnp 00:04: >Plug and Play ACPI device, IDs PNP0400 (active)
2013-04-09T17:31:55.559847+00:00 ubuntu kern.info kernel: [    0.177658] pnp: PnP ACPI: found 5 devices
2013-04-09T17:31:55.559848+00:00 ubuntu kern.info kernel: [    0.177663] ACPI: ACPI bus type pnp unregistered
2013-04-09T17:31:55.559850+00:00 ubuntu kern.info kernel: [    0.184918] Switching to clocksource acpi_pm
2013-04-09T17:31:55.559851+00:00 ubuntu kern.debug kernel: [    0.184962] pci_bus 0000:00: >resource 4 [io  0x0000-0xffff]
2013-04-09T17:31:55.559852+00:00 ubuntu kern.debug kernel: [    0.184968] pci_bus 0000:00: >resource 5 [mem 0x00000000-0xfffffffff]
2013-04-09T17:31:55.559853+00:00 ubuntu kern.info kernel: [    0.185002] NET: Registered protocol family 2
2013-04-09T17:31:55.559854+00:00 ubuntu kern.info kernel: [    0.185067] IP route cache hash table entries: 4096 (order: 3, 32768 bytes)
2013-04-09T17:31:55.559855+00:00 ubuntu kern.info kernel: [    0.185204] TCP established hash table entries: 16384 (order: 6, 262144 bytes)
2013-04-09T17:31:55.559856+00:00 ubuntu kern.info kernel: [    0.185266] TCP bind hash table entries: 16384 (order: 6, 262144 bytes)
2013-04-09T17:31:55.559857+00:00 ubuntu kern.info kernel: [    0.185319] TCP: Hash tables configured (established 16384 bind 16384)
2013-04-09T17:31:55.559861+00:00 ubuntu kern.info kernel: [    0.185326] TCP: reno registered
2013-04-09T17:31:55.559863+00:00 ubuntu kern.info kernel: [    0.185335] UDP hash table entries: 256 (order: 1, 8192 bytes)
2013-04-09T17:31:55.559864+00:00 ubuntu kern.info kernel: [    0.185346] UDP-Lite hash table entries: 256 (order: 1, 8192 bytes)
2013-04-09T17:31:55.559865+00:00 ubuntu kern.info kernel: [    0.185394] NET: Registered protocol family 1
2013-04-09T17:31:55.559866+00:00 ubuntu kern.info kernel: [    0.185414] pci 0000:00:00.0: >Limiting direct PCI/PCI transfers
2013-04-09T17:31:55.559867+00:00 ubuntu kern.info kernel: [    0.185456] pci 0000:00:01.0: >Activating ISA DMA hang workarounds
2013-04-09T17:31:55.559867+00:00 ubuntu kern.debug kernel: [    0.185503] pci 0000:00:02.0: >Boot video device
2013-04-09T17:31:55.559871+00:00 ubuntu kern.debug kernel: [    0.185865] PCI: CLS 0 bytes, default 64
2013-04-09T17:31:55.559873+00:00 ubuntu kern.info kernel: [    0.185974] platform rtc_cmos: >registered platform RTC device (no PNP device found)
2013-04-09T17:31:55.559874+00:00 ubuntu kern.info kernel: [    0.186172] audit: initializing netlink socket (disabled)
2013-04-09T17:31:55.559874+00:00 ubuntu kern.notice kernel: [    0.186180] type=2000 audit(1365528712.184:1): initialized
2013-04-09T17:31:55.559908+00:00 ubuntu kern.info kernel: [    0.205859] Trying to unpack rootfs image as initramfs...
2013-04-09T17:31:55.559909+00:00 ubuntu kern.info kernel: [    0.233502] HugeTLB registered 2 MB page size, pre-allocated 0 pages
2013-04-09T17:31:55.559910+00:00 ubuntu kern.notice kernel: [    0.235248] VFS: Disk quotas dquot_6.5.2
2013-04-09T17:31:55.559911+00:00 ubuntu kern.warning kernel: [    0.235297] Dquot-cache hash table entries: 512 (order 0, 4096 bytes)
2013-04-09T17:31:55.559915+00:00 ubuntu kern.info kernel: [    0.235866] fuse init (API version 7.19)
2013-04-09T17:31:55.559916+00:00 ubuntu kern.info kernel: [    0.235968] msgmni has been set to 946
2013-04-09T17:31:55.559917+00:00 ubuntu kern.info kernel: [    0.257616] Block layer SCSI generic (bsg) driver version 0.4 loaded (major 252)
2013-04-09T17:31:55.559918+00:00 ubuntu kern.info kernel: [    0.257831] io scheduler noop registered
2013-04-09T17:31:55.559919+00:00 ubuntu kern.info kernel: [    0.257843] io scheduler deadline registered (default)
2013-04-09T17:31:55.559920+00:00 ubuntu kern.info kernel: [    0.257891] io scheduler cfq registered
2013-04-09T17:31:55.559921+00:00 ubuntu kern.info kernel: [    0.258004] pci_hotplug: PCI Hot Plug PCI Core version: 0.5
2013-04-09T17:31:55.559922+00:00 ubuntu kern.info kernel: [    0.258028] pciehp: PCI Express Hot Plug Controller Driver version: 0.4
2013-04-09T17:31:55.559925+00:00 ubuntu kern.info kernel: [    0.259262] ACPI: AC Adapter [AC] (on-line)
2013-04-09T17:31:55.559927+00:00 ubuntu kern.info kernel: [    0.260013] input: Power Button as /devices/LNXSYSTM:00/LNXPWRBN:00/input/input0
2013-04-09T17:31:55.559927+00:00 ubuntu kern.info kernel: [    0.260021] ACPI: Power Button [PWRF]
2013-04-09T17:31:55.559928+00:00 ubuntu kern.info kernel: [    0.260192] input: Sleep Button as /devices/LNXSYSTM:00/LNXSLPBN:00/input/input1
2013-04-09T17:31:55.559929+00:00 ubuntu kern.info kernel: [    0.260197] ACPI: Sleep Button [SLPF]
2013-04-09T17:31:55.559930+00:00 ubuntu kern.info kernel: [    0.263054] ACPI: Battery Slot [BAT0] (battery present)
2013-04-09T17:31:55.559931+00:00 ubuntu kern.info kernel: [    0.264319] ACPI: Battery Slot [BAT0] (battery present)
2013-04-09T17:31:55.559934+00:00 ubuntu kern.info kernel: [    0.264337] GHES: HEST is not enabled!
2013-04-09T17:31:55.559936+00:00 ubuntu kern.info kernel: [    0.264402] Serial: 8250/16550 driver, 32 ports, IRQ sharing enabled
2013-04-09T17:31:55.559937+00:00 ubuntu kern.info kernel: [    0.265218] Linux agpgart interface v0.103
2013-04-09T17:31:55.559937+00:00 ubuntu kern.info kernel: [    0.266111] brd: module loaded
2013-04-09T17:31:55.559938+00:00 ubuntu kern.info kernel: [    0.266633] loop: module loaded
2013-04-09T17:31:55.559939+00:00 ubuntu kern.debug kernel: [    0.266781] ahci 0000:00:0d.0: >version 3.0
2013-04-09T17:31:55.559939+00:00 ubuntu kern.info kernel: [    0.267053] ahci: SSS flag set, parallel bus scan disabled
2013-04-09T17:31:55.559941+00:00 ubuntu kern.info kernel: [    0.267386] ahci 0000:00:0d.0: >AHCI 0001.0100 32 slots 1 ports 3 Gbps 0x1 impl SATA mode
2013-04-09T17:31:55.559944+00:00 ubuntu kern.info kernel: [    0.267394] ahci 0000:00:0d.0: >flags: 64bit ncq stag only ccc 
2013-04-09T17:31:55.559946+00:00 ubuntu kern.debug kernel: [    0.267438] ahci 0000:00:0d.0: >setting latency timer to 64
2013-04-09T17:31:55.559946+00:00 ubuntu kern.info kernel: [    0.272092] scsi0 : ahci
2013-04-09T17:31:55.559947+00:00 ubuntu kern.info kernel: [    0.272165] ata1: SATA max UDMA/133 abar m8192@0xf0806000 port 0xf0806100 irq 21
2013-04-09T17:31:55.559948+00:00 ubuntu kern.debug kernel: [    0.272200] ata_piix 0000:00:01.1: >version 2.13
2013-04-09T17:31:55.559949+00:00 ubuntu kern.debug kernel: [    0.272293] ata_piix 0000:00:01.1: >setting latency timer to 64
2013-04-09T17:31:55.559950+00:00 ubuntu kern.info kernel: [    0.272913] scsi1 : ata_piix
2013-04-09T17:31:55.559954+00:00 ubuntu kern.info kernel: [    0.272978] scsi2 : ata_piix
2013-04-09T17:31:55.559956+00:00 ubuntu kern.info kernel: [    0.273005] ata2: PATA max UDMA/33 cmd 0x1f0 ctl 0x3f6 bmdma 0xd000 irq 14
2013-04-09T17:31:55.559957+00:00 ubuntu kern.info kernel: [    0.273008] ata3: PATA max UDMA/33 cmd 0x170 ctl 0x376 bmdma 0xd008 irq 15
2013-04-09T17:31:55.559957+00:00 ubuntu kern.info kernel: [    0.273194] Fixed MDIO Bus: probed
2013-04-09T17:31:55.559958+00:00 ubuntu kern.info kernel: [    0.273225] tun: Universal TUN/TAP device driver, 1.6
2013-04-09T17:31:55.559959+00:00 ubuntu kern.info kernel: [    0.273227] tun: (C) 1999-2004 Max Krasnyansky <maxk@qualcomm.com>
2013-04-09T17:31:55.559960+00:00 ubuntu kern.info kernel: [    0.273289] PPP generic driver version 2.4.2
2013-04-09T17:31:55.559961+00:00 ubuntu kern.info kernel: [    0.273323] ehci_hcd: USB 2.0 'Enhanced' Host Controller (EHCI) Driver
2013-04-09T17:31:55.559965+00:00 ubuntu kern.info kernel: [    0.273343] ohci_hcd: USB 1.1 'Open' Host Controller (OHCI) Driver
2013-04-09T17:31:55.559967+00:00 ubuntu kern.debug kernel: [    0.273429] ohci_hcd 0000:00:06.0: >setting latency timer to 64
2013-04-09T17:31:55.559967+00:00 ubuntu kern.info kernel: [    0.273445] ohci_hcd 0000:00:06.0: >OHCI Host Controller
2013-04-09T17:31:55.559968+00:00 ubuntu kern.info kernel: [    0.273452] ohci_hcd 0000:00:06.0: >new USB bus registered, assigned bus number 1
2013-04-09T17:31:55.559969+00:00 ubuntu kern.info kernel: [    0.273541] ohci_hcd 0000:00:06.0: >irq 22, io mem 0xf0804000
2013-04-09T17:31:55.559970+00:00 ubuntu kern.info kernel: [    0.328391] usb usb1: >New USB device found, idVendor=1d6b, idProduct=0001
2013-04-09T17:31:55.559971+00:00 ubuntu kern.info kernel: [    0.328399] usb usb1: >New USB device strings: Mfr=3, Product=2, SerialNumber=1
2013-04-09T17:31:55.559975+00:00 ubuntu kern.info kernel: [    0.328403] usb usb1: >Product: OHCI Host Controller
2013-04-09T17:31:55.559977+00:00 ubuntu kern.info kernel: [    0.328405] usb usb1: >Manufacturer: Linux 3.5.0-17-generic ohci_hcd
2013-04-09T17:31:55.559977+00:00 ubuntu kern.info kernel: [    0.328408] usb usb1: >SerialNumber: 0000:00:06.0
2013-04-09T17:31:55.559978+00:00 ubuntu kern.info kernel: [    0.328503] hub 1-0:1.0: >USB hub found
2013-04-09T17:31:55.559979+00:00 ubuntu kern.info kernel: [    0.328522] hub 1-0:1.0: >8 ports detected
2013-04-09T17:31:55.559980+00:00 ubuntu kern.info kernel: [    0.328880] uhci_hcd: USB Universal Host Controller Interface driver
2013-04-09T17:31:55.559981+00:00 ubuntu kern.info kernel: [    0.328928] usbcore: registered new interface driver libusual
2013-04-09T17:31:55.559982+00:00 ubuntu kern.info kernel: [    0.328951] i8042: PNP: PS/2 Controller [PNP0303:PS2K,PNP0f03:PS2M] at 0x60,0x64 irq 1,12
2013-04-09T17:31:55.559985+00:00 ubuntu kern.info kernel: [    0.882046] ata2.00: ATAPI: VBOX CD-ROM, 1.0, max UDMA/133
2013-04-09T17:31:55.559987+00:00 ubuntu kern.info kernel: [    0.882683] ata2.00: configured for UDMA/33
2013-04-09T17:31:55.559988+00:00 ubuntu kern.info kernel: [    0.988462] ata1: SATA link up 3.0 Gbps (SStatus 123 SControl 300)
2013-04-09T17:31:55.559988+00:00 ubuntu kern.info kernel: [    0.988598] ata1.00: ATA-6: VBOX HARDDISK, 1.0, max UDMA/133
2013-04-09T17:31:55.559989+00:00 ubuntu kern.info kernel: [    0.988623] ata1.00: 16777216 sectors, multi 128: LBA48 NCQ (depth 31/32)
2013-04-09T17:31:55.559990+00:00 ubuntu kern.info kernel: [    0.988839] ata1.00: configured for UDMA/133
2013-04-09T17:31:55.559991+00:00 ubuntu kern.notice kernel: [    0.989167] scsi 0:0:0:0: >Direct-Access     ATA      VBOX HARDDISK    1.0  PQ: 0 ANSI: 5
2013-04-09T17:31:55.560025+00:00 ubuntu kern.notice kernel: [    0.989443] sd 0:0:0:0: >Attached scsi generic sg0 type 0
2013-04-09T17:31:55.560028+00:00 ubuntu kern.notice kernel: [    0.989674] sd 0:0:0:0: >[sda] 16777216 512-byte logical blocks: (8.58 GB/8.00 GiB)
2013-04-09T17:31:55.560029+00:00 ubuntu kern.notice kernel: [    0.989841] sd 0:0:0:0: >[sda] Write Protect is off
2013-04-09T17:31:55.560029+00:00 ubuntu kern.debug kernel: [    0.989849] sd 0:0:0:0: >[sda] Mode Sense: 00 3a 00 00
2013-04-09T17:31:55.560031+00:00 ubuntu kern.notice kernel: [    0.989917] sd 0:0:0:0: >[sda] Write cache: enabled, read cache: enabled, doesn't support DPO or FUA
2013-04-09T17:31:55.560031+00:00 ubuntu kern.info kernel: [    0.991245]  sda: sda1 sda2 < sda5 >
2013-04-09T17:31:55.560032+00:00 ubuntu kern.notice kernel: [    0.991431] sd 0:0:0:0: >[sda] Attached SCSI disk
2013-04-09T17:31:55.560033+00:00 ubuntu kern.notice kernel: [    0.992280] scsi 1:0:0:0: >CD-ROM            VBOX     CD-ROM           1.0  PQ: 0 ANSI: 5
2013-04-09T17:31:55.560037+00:00 ubuntu kern.warning kernel: [    0.993332] sr0: scsi3-mmc drive: 32x/32x xa/form2 tray
2013-04-09T17:31:55.560038+00:00 ubuntu kern.info kernel: [    0.993337] cdrom: Uniform CD-ROM driver Revision: 3.20
2013-04-09T17:31:55.560039+00:00 ubuntu kern.debug kernel: [    0.993412] sr 1:0:0:0: >Attached scsi CD-ROM sr0
2013-04-09T17:31:55.560040+00:00 ubuntu kern.notice kernel: [    0.993452] sr 1:0:0:0: >Attached scsi generic sg1 type 5
2013-04-09T17:31:55.560041+00:00 ubuntu kern.info kernel: [    1.038434] Freeing initrd memory: 14864k freed
2013-04-09T17:31:55.560042+00:00 ubuntu kern.info kernel: [    1.040068] serio: i8042 KBD port at 0x60,0x64 irq 1
2013-04-09T17:31:55.560042+00:00 ubuntu kern.info kernel: [    1.040068] serio: i8042 AUX port at 0x60,0x64 irq 12
2013-04-09T17:31:55.560046+00:00 ubuntu kern.info kernel: [    1.040068] mousedev: PS/2 mouse device common for all mice
2013-04-09T17:31:55.560048+00:00 ubuntu kern.info kernel: [    1.041053] input: AT Translated Set 2 keyboard as /devices/platform/i8042/serio0/input/input2
2013-04-09T17:31:55.560049+00:00 ubuntu kern.info kernel: [    1.041880] rtc_cmos rtc_cmos: >rtc core: registered rtc_cmos as rtc0
2013-04-09T17:31:55.560050+00:00 ubuntu kern.info kernel: [    1.041999] rtc0: alarms up to one day, 114 bytes nvram
2013-04-09T17:31:55.560050+00:00 ubuntu kern.info kernel: [    1.042098] device-mapper: uevent: version 1.0.3
2013-04-09T17:31:55.560051+00:00 ubuntu kern.info kernel: [    1.042174] device-mapper: ioctl: 4.22.0-ioctl (2011-10-19) initialised: dm-devel@redhat.com
2013-04-09T17:31:55.560052+00:00 ubuntu kern.info kernel: [    1.042194] cpuidle: using governor ladder
2013-04-09T17:31:55.560053+00:00 ubuntu kern.info kernel: [    1.042201] cpuidle: using governor menu
2013-04-09T17:31:55.560056+00:00 ubuntu kern.info kernel: [    1.042208] EFI Variables Facility v0.08 2004-May-17
2013-04-09T17:31:55.560058+00:00 ubuntu kern.info kernel: [    1.042445] ashmem: initialized
2013-04-09T17:31:55.560059+00:00 ubuntu kern.info kernel: [    1.042574] TCP: cubic registered
2013-04-09T17:31:55.560059+00:00 ubuntu kern.info kernel: [    1.042662] NET: Registered protocol family 10
2013-04-09T17:31:55.560060+00:00 ubuntu kern.info kernel: [    1.042820] NET: Registered protocol family 17
2013-04-09T17:31:55.560061+00:00 ubuntu kern.notice kernel: [    1.042832] Key type dns_resolver registered
2013-04-09T17:31:55.560062+00:00 ubuntu kern.debug kernel: [    1.042911] PM: Hibernation image not present or could not be loaded.
2013-04-09T17:31:55.560065+00:00 ubuntu kern.info kernel: [    1.042920] registered taskstats version 1
2013-04-09T17:31:55.560067+00:00 ubuntu kern.notice kernel: [    1.044370] Key type trusted registered
2013-04-09T17:31:55.560068+00:00 ubuntu kern.notice kernel: [    1.046200] Key type encrypted registered
2013-04-09T17:31:55.560068+00:00 ubuntu kern.info kernel: [    1.048914]   Magic number: 9:942:541
2013-04-09T17:31:55.560069+00:00 ubuntu kern.info kernel: [    1.049038] rtc_cmos rtc_cmos: >setting system clock to 2013-04-09 17:31:53 UTC (1365528713)
2013-04-09T17:31:55.560070+00:00 ubuntu kern.info kernel: [    1.049093] BIOS EDD facility v0.16 2004-Jun-25, 0 devices found
2013-04-09T17:31:55.560071+00:00 ubuntu kern.info kernel: [    1.049096] EDD information not available.
2013-04-09T17:31:55.560072+00:00 ubuntu kern.info kernel: [    1.050218] Freeing unused kernel memory: 928k freed
2013-04-09T17:31:55.560075+00:00 ubuntu kern.info kernel: [    1.050367] Write protecting the kernel read-only data: 12288k
2013-04-09T17:31:55.560077+00:00 ubuntu kern.info kernel: [    1.053880] Freeing unused kernel memory: 1472k freed
2013-04-09T17:31:55.560078+00:00 ubuntu kern.info kernel: [    1.057041] Freeing unused kernel memory: 1124k freed
2013-04-09T17:31:55.560079+00:00 ubuntu kern.info kernel: [    1.183687] e1000: Intel(R) PRO/1000 Network Driver - version 7.3.21-k8-NAPI
2013-04-09T17:31:55.560080+00:00 ubuntu kern.info kernel: [    1.183694] e1000: Copyright (c) 1999-2006 Intel Corporation.
2013-04-09T17:31:55.560081+00:00 ubuntu kern.debug kernel: [    1.183826] e1000 0000:00:03.0: >setting latency timer to 64
2013-04-09T17:31:55.560082+00:00 ubuntu kern.info kernel: [    1.188186] usb 1-1: >new full-speed USB device number 2 using ohci_hcd
2013-04-09T17:31:55.560086+00:00 ubuntu kern.info kernel: [    1.733430] e1000 0000:00:03.0: >eth0: (PCI:33MHz:32-bit) 08:00:27:e3:c3:f3
2013-04-09T17:31:55.560088+00:00 ubuntu kern.info kernel: [    1.733440] e1000 0000:00:03.0: >eth0: Intel(R) PRO/1000 Network Connection
2013-04-09T17:31:55.560089+00:00 ubuntu kern.info kernel: [    1.740998] EXT4-fs (sda1): mounted filesystem with ordered data mode. Opts: (null)
2013-04-09T17:31:55.560089+00:00 ubuntu kern.info kernel: [    1.911718] usb 1-1: >New USB device found, idVendor=80ee, idProduct=0021
2013-04-09T17:31:55.560090+00:00 ubuntu kern.info kernel: [    1.911728] usb 1-1: >New USB device strings: Mfr=1, Product=3, SerialNumber=0
2013-04-09T17:31:55.560091+00:00 ubuntu kern.info kernel: [    1.911734] usb 1-1: >Product: USB Tablet
2013-04-09T17:31:55.560092+00:00 ubuntu kern.info kernel: [    1.911739] usb 1-1: >Manufacturer: VirtualBox
2013-04-09T17:31:55.560093+00:00 ubuntu kern.info kernel: [    2.200194] Refined TSC clocksource calibration: 1684.461 MHz.
2013-04-09T17:31:55.560096+00:00 ubuntu kern.info kernel: [    2.200203] Switching to clocksource tsc
2013-04-09T17:31:55.560098+00:00 ubuntu kern.info kernel: [    2.776334] Adding 522236k swap on /dev/sda5.  Priority:-1 extents:1 across:522236k 
2013-04-09T17:31:55.560099+00:00 ubuntu kern.info kernel: [    2.787718] IPv6: ADDRCONF(NETDEV_UP): eth0: link is not ready
2013-04-09T17:31:55.560100+00:00 ubuntu kern.info kernel: [    2.798683] EXT4-fs (sda1): re-mounted. Opts: errors=remount-ro
2013-04-09T17:31:55.560101+00:00 ubuntu kern.info kernel: [    2.850907] lp: driver loaded but no devices found
2013-04-09T17:31:55.600148+00:00 ubuntu kern.info kernel: [    3.146313] parport_pc 00:04: >reported by Plug and Play ACPI
2013-04-09T17:31:55.605028+00:00 ubuntu daemon.info dhclient: Internet Systems Consortium DHCP Client 4.2.4
2013-04-09T17:31:55.607724+00:00 ubuntu daemon.info dhclient: Copyright 2004-2012 Internet Systems Consortium.
2013-04-09T17:31:55.608294+00:00 ubuntu daemon.info dhclient: All rights reserved.
2013-04-09T17:31:55.608625+00:00 ubuntu daemon.info dhclient: For info, please visit https://www.isc.org/software/dhcp/
2013-04-09T17:31:55.608878+00:00 ubuntu daemon.info dhclient: 
2013-04-09T17:31:55.628130+00:00 ubuntu kern.err kernel: [    3.173330] piix4_smbus 0000:00:07.0: >SMBus base address uninitialized - upgrade BIOS or use force_addr=0xaddr
2013-04-09T17:31:55.639257+00:00 ubuntu kern.info kernel: [    3.184634] e1000: eth0 NIC Link is Up 1000 Mbps Full Duplex, Flow Control: RX
2013-04-09T17:31:55.651148+00:00 ubuntu kern.info kernel: [    3.199718] usbcore: registered new interface driver usbhid
2013-04-09T17:31:55.651163+00:00 ubuntu kern.info kernel: [    3.199721] usbhid: USB HID core driver
2013-04-09T17:31:55.664497+00:00 ubuntu daemon.info dhclient: Listening on LPF/eth0/08:00:27:e3:c3:f3
2013-04-09T17:31:55.666213+00:00 ubuntu daemon.info dhclient: Sending on   LPF/eth0/08:00:27:e3:c3:f3
2013-04-09T17:31:55.666384+00:00 ubuntu daemon.info dhclient: Sending on   Socket/fallback
